Archive member included to satisfy reference by file (symbol)

../../libdaisy/build\libdaisy.a(daisy_pod.o)
                              build/phase-casserole.o (daisy::DaisyPod::StartAudio(void (*)(float**, float**, unsigned int)))
../../libdaisy/build\libdaisy.a(daisy_seed.o)
                              ../../libdaisy/build\libdaisy.a(daisy_pod.o) (daisy::DaisySeed::Configure())
../../libdaisy/build\libdaisy.a(codec_ak4556.o)
                              ../../libdaisy/build\libdaisy.a(daisy_seed.o) (daisy::Ak4556::Init(dsy_gpio_pin))
../../libdaisy/build\libdaisy.a(sdram.o)
                              ../../libdaisy/build\libdaisy.a(daisy_seed.o) (dsy_sdram_init)
../../libdaisy/build\libdaisy.a(audio.o)
                              ../../libdaisy/build\libdaisy.a(daisy_seed.o) (daisy::AudioHandle::Init(daisy::AudioHandle::Config const&, daisy::SaiHandle))
../../libdaisy/build\libdaisy.a(ctrl.o)
                              ../../libdaisy/build\libdaisy.a(daisy_pod.o) (daisy::AnalogControl::Init(unsigned short*, float, bool, bool, float))
../../libdaisy/build\libdaisy.a(encoder.o)
                              ../../libdaisy/build\libdaisy.a(daisy_pod.o) (daisy::Encoder::Init(dsy_gpio_pin, dsy_gpio_pin, dsy_gpio_pin, float))
../../libdaisy/build\libdaisy.a(parameter.o)
                              build/phase-casserole.o (daisy::Parameter::Init(daisy::AnalogControl, float, float, daisy::Parameter::Curve))
../../libdaisy/build\libdaisy.a(rgb_led.o)
                              ../../libdaisy/build\libdaisy.a(daisy_pod.o) (daisy::RgbLed::Init(dsy_gpio_pin, dsy_gpio_pin, dsy_gpio_pin, bool))
../../libdaisy/build\libdaisy.a(switch.o)
                              ../../libdaisy/build\libdaisy.a(daisy_pod.o) (daisy::Switch::Init(dsy_gpio_pin, float))
../../libdaisy/build\libdaisy.a(adc.o)
                              ../../libdaisy/build\libdaisy.a(daisy_pod.o) (daisy::AdcChannelConfig::InitSingle(dsy_gpio_pin))
../../libdaisy/build\libdaisy.a(gpio.o)
                              ../../libdaisy/build\libdaisy.a(daisy_seed.o) (dsy_gpio_init)
../../libdaisy/build\libdaisy.a(qspi.o)
                              ../../libdaisy/build\libdaisy.a(daisy_seed.o) (dsy_qspi_init)
../../libdaisy/build\libdaisy.a(sai.o)
                              ../../libdaisy/build\libdaisy.a(daisy_seed.o) (daisy::SaiHandle::Init(daisy::SaiHandle::Config const&))
../../libdaisy/build\libdaisy.a(system.o)
                              ../../libdaisy/build\libdaisy.a(daisy_seed.o) (daisy::System::Delay(unsigned long))
../../libdaisy/build\libdaisy.a(system_stm32h7xx.o)
                              build/startup_stm32h750xx.o (SystemInit)
../../libdaisy/build\libdaisy.a(color.o)
                              ../../libdaisy/build\libdaisy.a(daisy_pod.o) (daisy::Color::Init(daisy::Color::PresetColor))
../../libdaisy/build\libdaisy.a(hal_map.o)
                              ../../libdaisy/build\libdaisy.a(sdram.o) (dsy_hal_map_get_port)
../../libdaisy/build\libdaisy.a(stm32h7xx_hal.o)
                              ../../libdaisy/build\libdaisy.a(system.o) (HAL_Init)
../../libdaisy/build\libdaisy.a(stm32h7xx_hal_adc.o)
                              ../../libdaisy/build\libdaisy.a(adc.o) (HAL_ADC_ConfigChannel)
../../libdaisy/build\libdaisy.a(stm32h7xx_hal_adc_ex.o)
                              ../../libdaisy/build\libdaisy.a(adc.o) (HAL_ADCEx_Calibration_Start)
../../libdaisy/build\libdaisy.a(stm32h7xx_hal_cortex.o)
                              ../../libdaisy/build\libdaisy.a(stm32h7xx_hal.o) (HAL_NVIC_SetPriorityGrouping)
../../libdaisy/build\libdaisy.a(stm32h7xx_hal_dma.o)
                              ../../libdaisy/build\libdaisy.a(adc.o) (HAL_DMA_Init)
../../libdaisy/build\libdaisy.a(stm32h7xx_hal_gpio.o)
                              ../../libdaisy/build\libdaisy.a(sdram.o) (HAL_GPIO_Init)
../../libdaisy/build\libdaisy.a(stm32h7xx_hal_pwr_ex.o)
                              ../../libdaisy/build\libdaisy.a(system.o) (HAL_PWREx_ConfigSupply)
../../libdaisy/build\libdaisy.a(stm32h7xx_hal_qspi.o)
                              ../../libdaisy/build\libdaisy.a(qspi.o) (HAL_QSPI_Init)
../../libdaisy/build\libdaisy.a(stm32h7xx_hal_rcc.o)
                              ../../libdaisy/build\libdaisy.a(system.o) (HAL_RCC_OscConfig)
../../libdaisy/build\libdaisy.a(stm32h7xx_hal_rcc_ex.o)
                              ../../libdaisy/build\libdaisy.a(system.o) (HAL_RCCEx_PeriphCLKConfig)
../../libdaisy/build\libdaisy.a(stm32h7xx_hal_sai.o)
                              ../../libdaisy/build\libdaisy.a(sai.o) (HAL_SAI_InitProtocol)
../../libdaisy/build\libdaisy.a(stm32h7xx_hal_sdram.o)
                              ../../libdaisy/build\libdaisy.a(sdram.o) (HAL_SDRAM_Init)
../../libdaisy/build\libdaisy.a(stm32h7xx_ll_fmc.o)
                              ../../libdaisy/build\libdaisy.a(stm32h7xx_hal_sdram.o) (FMC_SDRAM_Init)
../../libdaisy/build\libdaisy.a(led.o)
[...]
Memory Configuration

Name             Origin             Length             Attributes
FLASH            0x08000000         0x00020000         xr
DTCMRAM          0x20000000         0x00020000         xrw
SRAM             0x24000000         0x00080000         xrw
RAM_D2           0x30000000         0x00048000         xrw
RAM_D3           0x38000000         0x00010000         xrw
ITCMRAM          0x00000000         0x00010000         xrw
SDRAM            0xc0000000         0x04000000         xrw
QSPIFLASH        0x90000000         0x00800000         xr
*default*        0x00000000         0xffffffff

Linker script and memory map

LOAD c:/program files (x86)/gnu arm embedded toolchain/10 2020-q4-major/bin/../lib/gcc/arm-none-eabi/10.2.1/thumb/v7e-m+dp/hard/crti.o
LOAD c:/program files (x86)/gnu arm embedded toolchain/10 2020-q4-major/bin/../lib/gcc/arm-none-eabi/10.2.1/thumb/v7e-m+dp/hard/crtbegin.o
LOAD c:/program files (x86)/gnu arm embedded toolchain/10 2020-q4-major/bin/../lib/gcc/arm-none-eabi/10.2.1/../../../../arm-none-eabi/lib/thumb/v7e-m+dp/hard/crt0.o
LOAD build/startup_stm32h750xx.o
LOAD build/phase-casserole.o
LOAD ../../libdaisy/build\libdaisy.a
LOAD c:/program files (x86)/gnu arm embedded toolchain/10 2020-q4-major/bin/../lib/gcc/arm-none-eabi/10.2.1/../../../../arm-none-eabi/lib/thumb/v7e-m+dp/hard\libnosys.a
LOAD ../../DaisySP/build\libdaisysp.a
LOAD c:/program files (x86)/gnu arm embedded toolchain/10 2020-q4-major/bin/../lib/gcc/arm-none-eabi/10.2.1/../../../../arm-none-eabi/lib/thumb/v7e-m+dp/hard\libstdc++_nano.a
LOAD c:/program files (x86)/gnu arm embedded toolchain/10 2020-q4-major/bin/../lib/gcc/arm-none-eabi/10.2.1/../../../../arm-none-eabi/lib/thumb/v7e-m+dp/hard\libm.a
LOAD c:/program files (x86)/gnu arm embedded toolchain/10 2020-q4-major/bin/../lib/gcc/arm-none-eabi/10.2.1/../../../../arm-none-eabi/lib/thumb/v7e-m+dp/hard\libc_nano.a
START GROUP
LOAD c:/program files (x86)/gnu arm embedded toolchain/10 2020-q4-major/bin/../lib/gcc/arm-none-eabi/10.2.1/thumb/v7e-m+dp/hard\libgcc.a
LOAD c:/program files (x86)/gnu arm embedded toolchain/10 2020-q4-major/bin/../lib/gcc/arm-none-eabi/10.2.1/../../../../arm-none-eabi/lib/thumb/v7e-m+dp/hard\libc_nano.a
END GROUP
START GROUP
LOAD c:/program files (x86)/gnu arm embedded toolchain/10 2020-q4-major/bin/../lib/gcc/arm-none-eabi/10.2.1/thumb/v7e-m+dp/hard\libgcc.a
LOAD c:/program files (x86)/gnu arm embedded toolchain/10 2020-q4-major/bin/../lib/gcc/arm-none-eabi/10.2.1/../../../../arm-none-eabi/lib/thumb/v7e-m+dp/hard\libc_nano.a
LOAD c:/program files (x86)/gnu arm embedded toolchain/10 2020-q4-major/bin/../lib/gcc/arm-none-eabi/10.2.1/../../../../arm-none-eabi/lib/thumb/v7e-m+dp/hard\libnosys.a
END GROUP
START GROUP
LOAD c:/program files (x86)/gnu arm embedded toolchain/10 2020-q4-major/bin/../lib/gcc/arm-none-eabi/10.2.1/thumb/v7e-m+dp/hard\libgcc.a
LOAD c:/program files (x86)/gnu arm embedded toolchain/10 2020-q4-major/bin/../lib/gcc/arm-none-eabi/10.2.1/../../../../arm-none-eabi/lib/thumb/v7e-m+dp/hard\libc_nano.a
LOAD c:/program files (x86)/gnu arm embedded toolchain/10 2020-q4-major/bin/../lib/gcc/arm-none-eabi/10.2.1/../../../../arm-none-eabi/lib/thumb/v7e-m+dp/hard\libnosys.a
END GROUP
LOAD c:/program files (x86)/gnu arm embedded toolchain/10 2020-q4-major/bin/../lib/gcc/arm-none-eabi/10.2.1/thumb/v7e-m+dp/hard/crtend.o
LOAD c:/program files (x86)/gnu arm embedded toolchain/10 2020-q4-major/bin/../lib/gcc/arm-none-eabi/10.2.1/thumb/v7e-m+dp/hard/crtn.o
                0x20020000                _estack = 0x20020000

.isr_vector     0x08000000      0x298
                0x08000000                . = ALIGN (0x4)
 *(.isr_vector)
 .isr_vector    0x08000000      0x298 build/startup_stm32h750xx.o
                0x08000000                g_pfnVectors
                0x08000298                . = ALIGN (0x4)

.text           0x08000298     0xa040
                0x08000298                . = ALIGN (0x4)
                0x08000298                _stext = .
 *(.text)
 .text          0x08000298       0x40 c:/program files (x86)/gnu arm embedded toolchain/10 2020-q4-major/bin/../lib/gcc/arm-none-eabi/10.2.1/thumb/v7e-m+dp/hard/crtbegin.o
 .text          0x080002d8      0x378 c:/program files (x86)/gnu arm embedded toolchain/10 2020-q4-major/bin/../lib/gcc/arm-none-eabi/10.2.1/thumb/v7e-m+dp/hard\libgcc.a(_arm_addsubdf3.o)
                0x080002d8                __aeabi_drsub
                0x080002e0                __aeabi_dsub
                0x080002e0                __subdf3
                0x080002e4                __aeabi_dadd
                0x080002e4                __adddf3
                0x0800055c                __floatunsidf
                0x0800055c                __aeabi_ui2d
                0x0800057c                __floatsidf
                0x0800057c                __aeabi_i2d
                0x080005a0                __aeabi_f2d
                0x080005a0                __extendsfdf2
                0x080005e4                __floatundidf
                0x080005e4                __aeabi_ul2d
                0x080005f4                __floatdidf
                0x080005f4                __aeabi_l2d
 *(.text*)
 .text.Default_Handler
                0x08000650        0x4 build/startup_stm32h750xx.o
                0x08000650                RTC_Alarm_IRQHandler
                0x08000650                HASH_RNG_IRQHandler
                0x08000650                EXTI2_IRQHandler
                0x08000650                TIM8_CC_IRQHandler
                0x08000650                HRTIM1_Master_IRQHandler
                0x08000650                DebugMon_Handler
                0x08000650                UART8_IRQHandler
                0x08000650                SPI4_IRQHandler
                0x08000650                TIM1_CC_IRQHandler
                0x08000650                BDMA_Channel6_IRQHandler
                0x08000650                DMA2_Stream5_IRQHandler
                0x08000650                HRTIM1_FLT_IRQHandler
                0x08000650                JPEG_IRQHandler
                0x08000650                DMA1_Stream5_IRQHandler
                0x08000650                BDMA_Channel1_IRQHandler
                0x08000650                HRTIM1_TIMD_IRQHandler
                0x08000650                TAMP_STAMP_IRQHandler
                0x08000650                PendSV_Handler
                0x08000650                NMI_Handler
                0x08000650                EXTI3_IRQHandler
                0x08000650                LPTIM4_IRQHandler
                0x08000650                TIM8_TRG_COM_TIM14_IRQHandler
                0x08000650                LPTIM2_IRQHandler
                0x08000650                DFSDM1_FLT1_IRQHandler
                0x08000650                DMAMUX2_OVR_IRQHandler
                0x08000650                TIM8_UP_TIM13_IRQHandler
                0x08000650                I2C3_ER_IRQHandler
                0x08000650                DFSDM1_FLT2_IRQHandler
                0x08000650                MDMA_IRQHandler
                0x08000650                LPTIM3_IRQHandler
                0x08000650                HSEM1_IRQHandler
                0x08000650                EXTI0_IRQHandler
                0x08000650                FPU_IRQHandler
                0x08000650                OTG_HS_WKUP_IRQHandler
                0x08000650                FDCAN1_IT1_IRQHandler
                0x08000650                UsageFault_Handler
                0x08000650                LTDC_ER_IRQHandler
                0x08000650                DMA2_Stream2_IRQHandler
                0x08000650                HRTIM1_TIME_IRQHandler
                0x08000650                SPI1_IRQHandler
                0x08000650                TIM6_DAC_IRQHandler
                0x08000650                DCMI_IRQHandler
                0x08000650                HRTIM1_TIMC_IRQHandler
                0x08000650                DMA2_Stream3_IRQHandler
                0x08000650                SAI2_IRQHandler
                0x08000650                DFSDM1_FLT3_IRQHandler
                0x08000650                USART6_IRQHandler
                0x08000650                TIM17_IRQHandler
                0x08000650                USART3_IRQHandler
                0x08000650                CRYP_IRQHandler
                0x08000650                BDMA_Channel7_IRQHandler
                0x08000650                LPTIM5_IRQHandler
                0x08000650                UART5_IRQHandler
                0x08000650                ADC3_IRQHandler
                0x08000650                DMA2_Stream0_IRQHandler
                0x08000650                TIM4_IRQHandler
                0x08000650                BDMA_Channel2_IRQHandler
                0x08000650                DMAMUX1_OVR_IRQHandler
                0x08000650                TIM16_IRQHandler
                0x08000650                UART4_IRQHandler
                0x08000650                BDMA_Channel5_IRQHandler
                0x08000650                TIM3_IRQHandler
                0x08000650                RCC_IRQHandler
                0x08000650                TIM8_BRK_TIM12_IRQHandler
                0x08000650                TIM1_TRG_COM_IRQHandler
                0x08000650                Default_Handler
                0x08000650                ECC_IRQHandler
                0x08000650                CEC_IRQHandler
                0x08000650                EXTI15_10_IRQHandler
                0x08000650                BDMA_Channel0_IRQHandler
                0x08000650                ADC_IRQHandler
                0x08000650                DMA1_Stream7_IRQHandler
                0x08000650                HRTIM1_TIMA_IRQHandler
                0x08000650                SPI5_IRQHandler
                0x08000650                TIM7_IRQHandler
                0x08000650                SDMMC1_IRQHandler
                0x08000650                TIM5_IRQHandler
                0x08000650                DMA2_Stream7_IRQHandler
                0x08000650                TIM15_IRQHandler
                0x08000650                PVD_AVD_IRQHandler
                0x08000650                EXTI9_5_IRQHandler
                0x08000650                RTC_WKUP_IRQHandler
                0x08000650                LTDC_IRQHandler
                0x08000650                SAI3_IRQHandler
                0x08000650                ETH_WKUP_IRQHandler
                0x08000650                SPDIF_RX_IRQHandler
                0x08000650                SPI2_IRQHandler
                0x08000650                OTG_HS_EP1_IN_IRQHandler
                0x08000650                MemManage_Handler
                0x08000650                SVC_Handler
                0x08000650                CRS_IRQHandler
                0x08000650                EXTI4_IRQHandler
                0x08000650                HRTIM1_TIMB_IRQHandler
                0x08000650                FDCAN2_IT1_IRQHandler
                0x08000650                ETH_IRQHandler
                0x08000650                TIM1_UP_IRQHandler
                0x08000650                BDMA_Channel4_IRQHandler
                0x08000650                OTG_HS_EP1_OUT_IRQHandler
                0x08000650                WWDG_IRQHandler
                0x08000650                SPI6_IRQHandler
                0x08000650                I2C4_EV_IRQHandler
                0x08000650                MDIOS_IRQHandler
                0x08000650                FDCAN2_IT0_IRQHandler
                0x08000650                LPUART1_IRQHandler
                0x08000650                FDCAN1_IT0_IRQHandler
                0x08000650                TIM2_IRQHandler
                0x08000650                OTG_FS_WKUP_IRQHandler
                0x08000650                OTG_HS_IRQHandler
                0x08000650                DMA2D_IRQHandler
                0x08000650                TIM1_BRK_IRQHandler
                0x08000650                EXTI1_IRQHandler
                0x08000650                SDMMC2_IRQHandler
                0x08000650                OTG_FS_EP1_OUT_IRQHandler
                0x08000650                BDMA_Channel3_IRQHandler
                0x08000650                UART7_IRQHandler
                0x08000650                MDIOS_WKUP_IRQHandler
                0x08000650                USART2_IRQHandler
                0x08000650                DFSDM1_FLT0_IRQHandler
                0x08000650                SAI4_IRQHandler
                0x08000650                I2C2_ER_IRQHandler
                0x08000650                DMA2_Stream1_IRQHandler
                0x08000650                FLASH_IRQHandler
                0x08000650                DMA2_Stream4_IRQHandler
                0x08000650                BusFault_Handler
                0x08000650                USART1_IRQHandler
                0x08000650                OTG_FS_IRQHandler
                0x08000650                SPI3_IRQHandler
                0x08000650                WAKEUP_PIN_IRQHandler
                0x08000650                OTG_FS_EP1_IN_IRQHandler
                0x08000650                I2C1_ER_IRQHandler
                0x08000650                FMC_IRQHandler
                0x08000650                FDCAN_CAL_IRQHandler
                0x08000650                SWPMI1_IRQHandler
                0x08000650                COMP1_IRQHandler
                0x08000650                LPTIM1_IRQHandler
                0x08000650                I2C4_ER_IRQHandler
                0x08000650                DMA2_Stream6_IRQHandler
                0x08000650                SAI1_IRQHandler
 .text.Reset_Handler
                0x08000654       0x44 build/startup_stm32h750xx.o
                0x08000654                Reset_Handler
 .text._ZN5daisy9ParameterD2Ev
                0x08000698        0x4 build/phase-casserole.o
                0x08000698                daisy::Parameter::~Parameter()
                0x08000698                daisy::Parameter::~Parameter()
 .text._ZN5daisy8DaisyPodD2Ev
                0x0800069c        0x4 build/phase-casserole.o
                0x0800069c                daisy::DaisyPod::~DaisyPod()
                0x0800069c                daisy::DaisyPod::~DaisyPod()
 .text._ZN7daisysp2PDD2Ev
                0x080006a0        0x4 build/phase-casserole.o
                0x080006a0                daisysp::PD::~PD()
                0x080006a0                daisysp::PD::~PD()
 .text._Z13AudioCallbackPPfS0_j
                0x080006a4       0x80 build/phase-casserole.o
                0x080006a4                AudioCallback(float**, float**, unsigned int)
 .text.startup.main
                0x08000724       0xb0 build/phase-casserole.o
                0x08000724                main
 .text.startup._GLOBAL__sub_I_pod
                0x080007d4       0x54 build/phase-casserole.o
 .text._ZN5daisy8DaisyPod10StartAudioEPFvPPfS2_jE
                0x08000828        0x4 ../../libdaisy/build\libdaisy.a(daisy_pod.o)
                0x08000828                daisy::DaisyPod::StartAudio(void (*)(float**, float**, unsigned int))
 .text._ZN5daisy8DaisyPod15AudioSampleRateEv
                0x0800082c        0x4 ../../libdaisy/build\libdaisy.a(daisy_pod.o)
                0x0800082c                daisy::DaisyPod::AudioSampleRate()
 .text._ZN5daisy8DaisyPod8StartAdcEv
                0x08000830        0x8 ../../libdaisy/build\libdaisy.a(daisy_pod.o)
                0x08000830                daisy::DaisyPod::StartAdc()
 .text._ZN5daisy8DaisyPod8InitLedsEv
                0x08000838       0xb4 ../../libdaisy/build\libdaisy.a(daisy_pod.o)
                0x08000838                daisy::DaisyPod::InitLeds()
 .text._ZN5daisy8DaisyPod9InitKnobsEv
                0x080008ec       0x98 ../../libdaisy/build\libdaisy.a(daisy_pod.o)
                0x080008ec                daisy::DaisyPod::InitKnobs()
 .text._ZN5daisy8DaisyPod4InitEb
                0x08000984       0xb0 ../../libdaisy/build\libdaisy.a(daisy_pod.o)
                0x08000984                daisy::DaisyPod::Init(bool)
 .text._ZN5daisy9DaisySeed9ConfigureEv
                0x08000a34       0x58 ../../libdaisy/build\libdaisy.a(daisy_seed.o)
                0x08000a34                daisy::DaisySeed::Configure()
 .text._ZN5daisy9DaisySeed6GetPinEh
                0x08000a8c       0x2c ../../libdaisy/build\libdaisy.a(daisy_seed.o)
                0x08000a8c                daisy::DaisySeed::GetPin(unsigned char)
 .text._ZN5daisy9DaisySeed10StartAudioEPFvPPfS2_jE
                0x08000ab8        0x8 ../../libdaisy/build\libdaisy.a(daisy_seed.o)
                0x08000ab8                daisy::DaisySeed::StartAudio(void (*)(float**, float**, unsigned int))
 .text._ZN5daisy9DaisySeed15AudioSampleRateEv
                0x08000ac0        0x8 ../../libdaisy/build\libdaisy.a(daisy_seed.o)
                0x08000ac0                daisy::DaisySeed::AudioSampleRate()
 .text._ZN5daisy9DaisySeed17SetAudioBlockSizeEj
                0x08000ac8       0x38 ../../libdaisy/build\libdaisy.a(daisy_seed.o)
                0x08000ac8                daisy::DaisySeed::SetAudioBlockSize(unsigned int)
 .text._ZNK5daisy9DaisySeed17AudioCallbackRateEv
                0x08000b00        0x8 ../../libdaisy/build\libdaisy.a(daisy_seed.o)
                0x08000b00                daisy::DaisySeed::AudioCallbackRate() const
 .text._ZN5daisy9DaisySeed14ConfigureAudioEv
                0x08000b08       0x78 ../../libdaisy/build\libdaisy.a(daisy_seed.o)
                0x08000b08                daisy::DaisySeed::ConfigureAudio()
 .text._ZN5daisy9DaisySeed4InitEb
                0x08000b80       0x7c ../../libdaisy/build\libdaisy.a(daisy_seed.o)
                0x08000b80                daisy::DaisySeed::Init(bool)
 .text._ZN5daisy6Ak45564InitE12dsy_gpio_pin
                0x08000bfc       0x44 ../../libdaisy/build\libdaisy.a(codec_ak4556.o)
                0x08000bfc                daisy::Ak4556::Init(dsy_gpio_pin)
 .text.dsy_sdram_init
                0x08000c40      0x108 ../../libdaisy/build\libdaisy.a(sdram.o)
                0x08000c40                dsy_sdram_init
 .text.HAL_SDRAM_MspInit
                0x08000d48      0x1d0 ../../libdaisy/build\libdaisy.a(sdram.o)
                0x08000d48                HAL_SDRAM_MspInit
 .text._ZN5daisy11AudioHandle4Impl16InternalCallbackEPlS2_j
                0x08000f18      0xbbc ../../libdaisy/build\libdaisy.a(audio.o)
                0x08000f18                daisy::AudioHandle::Impl::InternalCallback(long*, long*, unsigned int)
 .text._ZN5daisy11AudioHandle4InitERKNS0_6ConfigENS_9SaiHandleE
                0x08001ad4       0x64 ../../libdaisy/build\libdaisy.a(audio.o)
                0x08001ad4                daisy::AudioHandle::Init(daisy::AudioHandle::Config const&, daisy::SaiHandle)
 .text._ZNK5daisy11AudioHandle9GetConfigEv
                0x08001b38        0x8 ../../libdaisy/build\libdaisy.a(audio.o)
                0x08001b38                daisy::AudioHandle::GetConfig() const
 .text._ZN5daisy11AudioHandle12SetBlockSizeEj
                0x08001b40       0x1c ../../libdaisy/build\libdaisy.a(audio.o)
                0x08001b40                daisy::AudioHandle::SetBlockSize(unsigned int)
 .text._ZN5daisy11AudioHandle13GetSampleRateEv
                0x08001b5c        0x8 ../../libdaisy/build\libdaisy.a(audio.o)
                0x08001b5c                daisy::AudioHandle::GetSampleRate()
 .text._ZN5daisy11AudioHandle5StartEPFvPPfS2_jE
                0x08001b64       0x44 ../../libdaisy/build\libdaisy.a(audio.o)
                0x08001b64                daisy::AudioHandle::Start(void (*)(float**, float**, unsigned int))
 .text.startup._GLOBAL__sub_I__ZN5daisy11AudioHandle4Impl4InitENS0_6ConfigENS_9SaiHandleE
                0x08001ba8       0x10 ../../libdaisy/build\libdaisy.a(audio.o)
 .text._ZN5daisy13AnalogControl4InitEPtfbbf
                0x08001bb8       0x30 ../../libdaisy/build\libdaisy.a(ctrl.o)
                0x08001bb8                daisy::AnalogControl::Init(unsigned short*, float, bool, bool, float)
 .text._ZN5daisy13AnalogControl7ProcessEv
                0x08001be8       0x48 ../../libdaisy/build\libdaisy.a(ctrl.o)
                0x08001be8                daisy::AnalogControl::Process()
 .text._ZN5daisy7Encoder4InitE12dsy_gpio_pinS1_S1_f
                0x08001c30       0x4c ../../libdaisy/build\libdaisy.a(encoder.o)
                0x08001c30                daisy::Encoder::Init(dsy_gpio_pin, dsy_gpio_pin, dsy_gpio_pin, float)
 .text._ZN5daisy9Parameter4InitENS_13AnalogControlEffNS0_5CurveE
                0x08001c7c       0x6c ../../libdaisy/build\libdaisy.a(parameter.o)
                0x08001c7c                daisy::Parameter::Init(daisy::AnalogControl, float, float, daisy::Parameter::Curve)
 .text._ZN5daisy9Parameter7ProcessEv
                0x08001ce8       0xac ../../libdaisy/build\libdaisy.a(parameter.o)
                0x08001ce8                daisy::Parameter::Process()
 .text._ZN5daisy6RgbLed4InitE12dsy_gpio_pinS1_S1_b
                0x08001d94       0x50 ../../libdaisy/build\libdaisy.a(rgb_led.o)
                0x08001d94                daisy::RgbLed::Init(dsy_gpio_pin, dsy_gpio_pin, dsy_gpio_pin, bool)
 .text._ZN5daisy6RgbLed8SetColorENS_5ColorE
                0x08001de4       0x2c ../../libdaisy/build\libdaisy.a(rgb_led.o)
                0x08001de4                daisy::RgbLed::SetColor(daisy::Color)
 .text._ZN5daisy6RgbLed6UpdateEv
                0x08001e10       0x1c ../../libdaisy/build\libdaisy.a(rgb_led.o)
                0x08001e10                daisy::RgbLed::Update()
 .text._ZN5daisy6Switch4InitE12dsy_gpio_pinf
                0x08001e2c       0x3c ../../libdaisy/build\libdaisy.a(switch.o)
                0x08001e2c                daisy::Switch::Init(dsy_gpio_pin, float)
 .text._ZN5daisy16AdcChannelConfig10InitSingleE12dsy_gpio_pin
                0x08001e68       0x1c ../../libdaisy/build\libdaisy.a(adc.o)
                0x08001e68                daisy::AdcChannelConfig::InitSingle(dsy_gpio_pin)
 .text._ZN5daisy9AdcHandle4InitEPNS_16AdcChannelConfigEjNS0_12OverSamplingE
                0x08001e84      0x6e8 ../../libdaisy/build\libdaisy.a(adc.o)
                0x08001e84                daisy::AdcHandle::Init(daisy::AdcChannelConfig*, unsigned int, daisy::AdcHandle::OverSampling)
 .text._ZN5daisy9AdcHandle5StartEv
                0x0800256c       0x2c ../../libdaisy/build\libdaisy.a(adc.o)
                0x0800256c                daisy::AdcHandle::Start()
 .text._ZNK5daisy9AdcHandle6GetPtrEh
                0x08002598       0x14 ../../libdaisy/build\libdaisy.a(adc.o)
                0x08002598                daisy::AdcHandle::GetPtr(unsigned char) const
 .text.HAL_ADC_MspInit
                0x080025ac       0x98 ../../libdaisy/build\libdaisy.a(adc.o)
                0x080025ac                HAL_ADC_MspInit
 .text.DMA1_Stream2_IRQHandler
                0x08002644        0xc ../../libdaisy/build\libdaisy.a(adc.o)
                0x08002644                DMA1_Stream2_IRQHandler
 .text.HAL_ADC_ConvCpltCallback
                0x08002650      0x14c ../../libdaisy/build\libdaisy.a(adc.o)
                0x08002650                HAL_ADC_ConvCpltCallback
 .text.HAL_ADC_ErrorCallback
                0x0800279c        0x4 ../../libdaisy/build\libdaisy.a(adc.o)
                0x0800279c                HAL_ADC_ErrorCallback
 .text.dsy_gpio_init
                0x080027a0      0x1b8 ../../libdaisy/build\libdaisy.a(gpio.o)
                0x080027a0                dsy_gpio_init
 .text.dsy_gpio_write
                0x08002958       0x24 ../../libdaisy/build\libdaisy.a(gpio.o)
                0x08002958                dsy_gpio_write
 *fill*         0x0800297c        0x4 
 .text.dsy_qspi_init
                0x08002980      0x388 ../../libdaisy/build\libdaisy.a(qspi.o)
                0x08002980                dsy_qspi_init
 .text.HAL_QSPI_MspInit
                0x08002d08      0x10c ../../libdaisy/build\libdaisy.a(qspi.o)
                0x08002d08                HAL_QSPI_MspInit
 .text.HAL_QSPI_MspDeInit
                0x08002e14       0x58 ../../libdaisy/build\libdaisy.a(qspi.o)
                0x08002e14                HAL_QSPI_MspDeInit
 .text.QUADSPI_IRQHandler
                0x08002e6c        0xc ../../libdaisy/build\libdaisy.a(qspi.o)
                0x08002e6c                QUADSPI_IRQHandler
 .text._ZN5daisy9SaiHandle4Impl7InitDmaENS1_15PeripheralBlockE
                0x08002e78       0xa0 ../../libdaisy/build\libdaisy.a(sai.o)
                0x08002e78                daisy::SaiHandle::Impl::InitDma(daisy::SaiHandle::Impl::PeripheralBlock)
 .text._ZN5daisy9SaiHandle4Impl8InitPinsEv
                0x08002f18       0xa8 ../../libdaisy/build\libdaisy.a(sai.o)
                0x08002f18                daisy::SaiHandle::Impl::InitPins()
 .text.HAL_SAI_MspInit
                0x08002fc0      0x134 ../../libdaisy/build\libdaisy.a(sai.o)
                0x08002fc0                HAL_SAI_MspInit
 .text.DMA1_Stream0_IRQHandler
                0x080030f4        0xc ../../libdaisy/build\libdaisy.a(sai.o)
                0x080030f4                DMA1_Stream0_IRQHandler
 .text.DMA1_Stream1_IRQHandler
                0x08003100        0xc ../../libdaisy/build\libdaisy.a(sai.o)
                0x08003100                DMA1_Stream1_IRQHandler
 .text.DMA1_Stream3_IRQHandler
                0x0800310c        0xc ../../libdaisy/build\libdaisy.a(sai.o)
                0x0800310c                DMA1_Stream3_IRQHandler
 .text.DMA1_Stream4_IRQHandler
                0x08003118        0xc ../../libdaisy/build\libdaisy.a(sai.o)
                0x08003118                DMA1_Stream4_IRQHandler
 .text.HAL_SAI_RxHalfCpltCallback
                0x08003124       0x78 ../../libdaisy/build\libdaisy.a(sai.o)
                0x08003124                HAL_SAI_RxHalfCpltCallback
 .text.HAL_SAI_RxCpltCallback
                0x0800319c       0x70 ../../libdaisy/build\libdaisy.a(sai.o)
                0x0800319c                HAL_SAI_RxCpltCallback
 *fill*         0x0800320c        0x4 
 .text._ZN5daisy9SaiHandle4InitERKNS0_6ConfigE
                0x08003210      0x1f0 ../../libdaisy/build\libdaisy.a(sai.o)
                0x08003210                daisy::SaiHandle::Init(daisy::SaiHandle::Config const&)
 .text._ZNK5daisy9SaiHandle9GetConfigEv
                0x08003400        0x4 ../../libdaisy/build\libdaisy.a(sai.o)
                0x08003400                daisy::SaiHandle::GetConfig() const
 .text._ZN5daisy9SaiHandle8StartDmaEPlS1_jPFvS1_S1_jE
                0x08003404       0x68 ../../libdaisy/build\libdaisy.a(sai.o)
                0x08003404                daisy::SaiHandle::StartDma(long*, long*, unsigned int, void (*)(long*, long*, unsigned int))
 .text._ZN5daisy9SaiHandle13GetSampleRateEv
                0x0800346c       0x24 ../../libdaisy/build\libdaisy.a(sai.o)
                0x0800346c                daisy::SaiHandle::GetSampleRate()
 .text._ZNK5daisy9SaiHandle9GetOffsetEv
                0x08003490        0x8 ../../libdaisy/build\libdaisy.a(sai.o)
                0x08003490                daisy::SaiHandle::GetOffset() const
 .text._ZN5daisy11TimerHandleD2Ev
                0x08003498        0x4 ../../libdaisy/build\libdaisy.a(system.o)
                0x08003498                daisy::TimerHandle::~TimerHandle()
                0x08003498                daisy::TimerHandle::~TimerHandle()
 .text.SysTick_Handler
                0x0800349c       0x10 ../../libdaisy/build\libdaisy.a(system.o)
                0x0800349c                SysTick_Handler
 .text.HardFault_Handler
                0x080034ac        0x4 ../../libdaisy/build\libdaisy.a(system.o)
                0x080034ac                HardFault_Handler
 .text._ZN5daisy6System5DelayEm
                0x080034b0        0x4 ../../libdaisy/build\libdaisy.a(system.o)
                0x080034b0                daisy::System::Delay(unsigned long)
 .text._ZN5daisy6System15ConfigureClocksEv
                0x080034b4      0x18c ../../libdaisy/build\libdaisy.a(system.o)
                0x080034b4                daisy::System::ConfigureClocks()
 .text._ZN5daisy6System4InitERKNS0_6ConfigE
                0x08003640      0x11c ../../libdaisy/build\libdaisy.a(system.o)
                0x08003640                daisy::System::Init(daisy::System::Config const&)
 .text.startup._GLOBAL__sub_I_SysTick_Handler
                0x0800375c       0x1c ../../libdaisy/build\libdaisy.a(system.o)
 .text.SystemInit
                0x08003778       0x84 ../../libdaisy/build\libdaisy.a(system_stm32h7xx.o)
                0x08003778                SystemInit
 .text._ZN5daisy5Color4InitENS0_11PresetColorE
                0x080037fc       0x20 ../../libdaisy/build\libdaisy.a(color.o)
                0x080037fc                daisy::Color::Init(daisy::Color::PresetColor)
 .text.dsy_hal_map_get_port
                0x0800381c       0x10 ../../libdaisy/build\libdaisy.a(hal_map.o)
                0x0800381c                dsy_hal_map_get_port
 .text.dsy_hal_map_get_pin
                0x0800382c       0x10 ../../libdaisy/build\libdaisy.a(hal_map.o)
                0x0800382c                dsy_hal_map_get_pin
 .text.HAL_MspInit
                0x0800383c        0x4 ../../libdaisy/build\libdaisy.a(stm32h7xx_hal.o)
                0x0800383c                HAL_MspInit
 .text.HAL_InitTick
                0x08003840       0x4c ../../libdaisy/build\libdaisy.a(stm32h7xx_hal.o)
                0x08003840                HAL_InitTick
 .text.HAL_Init
                0x0800388c       0x60 ../../libdaisy/build\libdaisy.a(stm32h7xx_hal.o)
                0x0800388c                HAL_Init
 .text.HAL_IncTick
                0x080038ec       0x18 ../../libdaisy/build\libdaisy.a(stm32h7xx_hal.o)
                0x080038ec                HAL_IncTick
 .text.HAL_GetTick
                0x08003904        0xc ../../libdaisy/build\libdaisy.a(stm32h7xx_hal.o)
                0x08003904                HAL_GetTick
 .text.HAL_Delay
                0x08003910       0x24 ../../libdaisy/build\libdaisy.a(stm32h7xx_hal.o)
                0x08003910                HAL_Delay
 .text.HAL_GetREVID
                0x08003934        0xc ../../libdaisy/build\libdaisy.a(stm32h7xx_hal.o)
                0x08003934                HAL_GetREVID
 .text.HAL_ADC_ConvHalfCpltCallback
                0x08003940        0x4 ../../libdaisy/build\libdaisy.a(stm32h7xx_hal_adc.o)
                0x08003940                HAL_ADC_ConvHalfCpltCallback
 .text.ADC_DMAHalfConvCplt
                0x08003944        0xc ../../libdaisy/build\libdaisy.a(stm32h7xx_hal_adc.o)
                0x08003944                ADC_DMAHalfConvCplt
 .text.ADC_DMAConvCplt
                0x08003950       0x6c ../../libdaisy/build\libdaisy.a(stm32h7xx_hal_adc.o)
                0x08003950                ADC_DMAConvCplt
 .text.ADC_DMAError
                0x080039bc       0x1c ../../libdaisy/build\libdaisy.a(stm32h7xx_hal_adc.o)
                0x080039bc                ADC_DMAError
 .text.HAL_ADC_ConfigChannel
                0x080039d8      0x3fc ../../libdaisy/build\libdaisy.a(stm32h7xx_hal_adc.o)
                0x080039d8                HAL_ADC_ConfigChannel
 .text.ADC_Enable
                0x08003dd4       0xac ../../libdaisy/build\libdaisy.a(stm32h7xx_hal_adc.o)
                0x08003dd4                ADC_Enable
 .text.HAL_ADC_Start_DMA
                0x08003e80      0x114 ../../libdaisy/build\libdaisy.a(stm32h7xx_hal_adc.o)
                0x08003e80                HAL_ADC_Start_DMA
 .text.ADC_Disable
                0x08003f94       0x68 ../../libdaisy/build\libdaisy.a(stm32h7xx_hal_adc.o)
                0x08003f94                ADC_Disable
 .text.ADC_ConfigureBoostMode
                0x08003ffc      0x184 ../../libdaisy/build\libdaisy.a(stm32h7xx_hal_adc.o)
                0x08003ffc                ADC_ConfigureBoostMode
 .text.HAL_ADC_Init
                0x08004180      0x218 ../../libdaisy/build\libdaisy.a(stm32h7xx_hal_adc.o)
                0x08004180                HAL_ADC_Init
 .text.HAL_ADCEx_Calibration_Start
                0x08004398       0xa4 ../../libdaisy/build\libdaisy.a(stm32h7xx_hal_adc_ex.o)
                0x08004398                HAL_ADCEx_Calibration_Start
 .text.HAL_ADCEx_MultiModeConfigChannel
                0x0800443c       0xc4 ../../libdaisy/build\libdaisy.a(stm32h7xx_hal_adc_ex.o)
                0x0800443c                HAL_ADCEx_MultiModeConfigChannel
 .text.HAL_NVIC_SetPriorityGrouping
                0x08004500       0x24 ../../libdaisy/build\libdaisy.a(stm32h7xx_hal_cortex.o)
                0x08004500                HAL_NVIC_SetPriorityGrouping
 .text.HAL_NVIC_SetPriority
                0x08004524       0x7c ../../libdaisy/build\libdaisy.a(stm32h7xx_hal_cortex.o)
                0x08004524                HAL_NVIC_SetPriority
 .text.HAL_NVIC_EnableIRQ
                0x080045a0       0x1c ../../libdaisy/build\libdaisy.a(stm32h7xx_hal_cortex.o)
                0x080045a0                HAL_NVIC_EnableIRQ
 .text.HAL_NVIC_DisableIRQ
                0x080045bc       0x28 ../../libdaisy/build\libdaisy.a(stm32h7xx_hal_cortex.o)
                0x080045bc                HAL_NVIC_DisableIRQ
 .text.HAL_SYSTICK_Config
                0x080045e4       0x2c ../../libdaisy/build\libdaisy.a(stm32h7xx_hal_cortex.o)
                0x080045e4                HAL_SYSTICK_Config
 .text.HAL_MPU_Disable
                0x08004610       0x1c ../../libdaisy/build\libdaisy.a(stm32h7xx_hal_cortex.o)
                0x08004610                HAL_MPU_Disable
 .text.HAL_MPU_Enable
                0x0800462c       0x20 ../../libdaisy/build\libdaisy.a(stm32h7xx_hal_cortex.o)
                0x0800462c                HAL_MPU_Enable
 .text.HAL_MPU_ConfigRegion
                0x0800464c       0x64 ../../libdaisy/build\libdaisy.a(stm32h7xx_hal_cortex.o)
                0x0800464c                HAL_MPU_ConfigRegion
 .text.HAL_SYSTICK_Callback
                0x080046b0        0x4 ../../libdaisy/build\libdaisy.a(stm32h7xx_hal_cortex.o)
                0x080046b0                HAL_SYSTICK_Callback
 .text.HAL_SYSTICK_IRQHandler
                0x080046b4        0x8 ../../libdaisy/build\libdaisy.a(stm32h7xx_hal_cortex.o)
                0x080046b4                HAL_SYSTICK_IRQHandler
 .text.DMA_CalcBaseAndBitshift
                0x080046bc       0xf4 ../../libdaisy/build\libdaisy.a(stm32h7xx_hal_dma.o)
 .text.DMA_CalcDMAMUXChannelBaseAndMask
                0x080047b0       0xd8 ../../libdaisy/build\libdaisy.a(stm32h7xx_hal_dma.o)
 .text.HAL_DMA_Init
                0x08004888      0x37c ../../libdaisy/build\libdaisy.a(stm32h7xx_hal_dma.o)
                0x08004888                HAL_DMA_Init
 .text.HAL_DMA_Start_IT
                0x08004c04      0x240 ../../libdaisy/build\libdaisy.a(stm32h7xx_hal_dma.o)
                0x08004c04                HAL_DMA_Start_IT
 .text.HAL_DMA_IRQHandler
                0x08004e44      0x6a0 ../../libdaisy/build\libdaisy.a(stm32h7xx_hal_dma.o)
                0x08004e44                HAL_DMA_IRQHandler
 .text.HAL_DMA_GetError
                0x080054e4        0x4 ../../libdaisy/build\libdaisy.a(stm32h7xx_hal_dma.o)
                0x080054e4                HAL_DMA_GetError
 .text.HAL_GPIO_Init
                0x080054e8      0x280 ../../libdaisy/build\libdaisy.a(stm32h7xx_hal_gpio.o)
                0x080054e8                HAL_GPIO_Init
 .text.HAL_GPIO_DeInit
                0x08005768      0x190 ../../libdaisy/build\libdaisy.a(stm32h7xx_hal_gpio.o)
                0x08005768                HAL_GPIO_DeInit
 .text.HAL_GPIO_WritePin
                0x080058f8        0x8 ../../libdaisy/build\libdaisy.a(stm32h7xx_hal_gpio.o)
                0x080058f8                HAL_GPIO_WritePin
 .text.HAL_PWREx_ConfigSupply
                0x08005900       0x4c ../../libdaisy/build\libdaisy.a(stm32h7xx_hal_pwr_ex.o)
                0x08005900                HAL_PWREx_ConfigSupply
 .text.HAL_PWREx_EnableUSBVoltageDetector
                0x0800594c       0x10 ../../libdaisy/build\libdaisy.a(stm32h7xx_hal_pwr_ex.o)
                0x0800594c                HAL_PWREx_EnableUSBVoltageDetector
 .text.QSPI_Config
                0x0800595c      0x174 ../../libdaisy/build\libdaisy.a(stm32h7xx_hal_qspi.o)
 .text.HAL_QSPI_Init
                0x08005ad0       0xd8 ../../libdaisy/build\libdaisy.a(stm32h7xx_hal_qspi.o)
                0x08005ad0                HAL_QSPI_Init
 .text.HAL_QSPI_DeInit
                0x08005ba8       0x3c ../../libdaisy/build\libdaisy.a(stm32h7xx_hal_qspi.o)
                0x08005ba8                HAL_QSPI_DeInit
 .text.HAL_QSPI_Command
                0x08005be4       0xd4 ../../libdaisy/build\libdaisy.a(stm32h7xx_hal_qspi.o)
                0x08005be4                HAL_QSPI_Command
 .text.HAL_QSPI_Transmit
                0x08005cb8       0xfc ../../libdaisy/build\libdaisy.a(stm32h7xx_hal_qspi.o)
                0x08005cb8                HAL_QSPI_Transmit
 .text.HAL_QSPI_Receive
                0x08005db4      0x108 ../../libdaisy/build\libdaisy.a(stm32h7xx_hal_qspi.o)
                0x08005db4                HAL_QSPI_Receive
 .text.HAL_QSPI_AutoPolling
                0x08005ebc       0xf0 ../../libdaisy/build\libdaisy.a(stm32h7xx_hal_qspi.o)
                0x08005ebc                HAL_QSPI_AutoPolling
 .text.HAL_QSPI_MemoryMapped
                0x08005fac       0xc0 ../../libdaisy/build\libdaisy.a(stm32h7xx_hal_qspi.o)
                0x08005fac                HAL_QSPI_MemoryMapped
 .text.HAL_QSPI_ErrorCallback
                0x0800606c        0x4 ../../libdaisy/build\libdaisy.a(stm32h7xx_hal_qspi.o)
                0x0800606c                HAL_QSPI_ErrorCallback
 .text.QSPI_DMAAbortCplt
                0x08006070       0x38 ../../libdaisy/build\libdaisy.a(stm32h7xx_hal_qspi.o)
 .text.HAL_QSPI_AbortCpltCallback
                0x080060a8        0x4 ../../libdaisy/build\libdaisy.a(stm32h7xx_hal_qspi.o)
                0x080060a8                HAL_QSPI_AbortCpltCallback
 .text.HAL_QSPI_CmdCpltCallback
                0x080060ac        0x4 ../../libdaisy/build\libdaisy.a(stm32h7xx_hal_qspi.o)
                0x080060ac                HAL_QSPI_CmdCpltCallback
 .text.HAL_QSPI_RxCpltCallback
                0x080060b0        0x4 ../../libdaisy/build\libdaisy.a(stm32h7xx_hal_qspi.o)
                0x080060b0                HAL_QSPI_RxCpltCallback
 .text.HAL_QSPI_TxCpltCallback
                0x080060b4        0x4 ../../libdaisy/build\libdaisy.a(stm32h7xx_hal_qspi.o)
                0x080060b4                HAL_QSPI_TxCpltCallback
 .text.HAL_QSPI_FifoThresholdCallback
                0x080060b8        0x4 ../../libdaisy/build\libdaisy.a(stm32h7xx_hal_qspi.o)
                0x080060b8                HAL_QSPI_FifoThresholdCallback
 .text.HAL_QSPI_StatusMatchCallback
                0x080060bc        0x4 ../../libdaisy/build\libdaisy.a(stm32h7xx_hal_qspi.o)
                0x080060bc                HAL_QSPI_StatusMatchCallback
 .text.HAL_QSPI_TimeOutCallback
                0x080060c0        0x4 ../../libdaisy/build\libdaisy.a(stm32h7xx_hal_qspi.o)
                0x080060c0                HAL_QSPI_TimeOutCallback
 .text.HAL_QSPI_IRQHandler
                0x080060c4      0x210 ../../libdaisy/build\libdaisy.a(stm32h7xx_hal_qspi.o)
                0x080060c4                HAL_QSPI_IRQHandler
 .text.HAL_RCC_OscConfig
                0x080062d4      0x51c ../../libdaisy/build\libdaisy.a(stm32h7xx_hal_rcc.o)
                0x080062d4                HAL_RCC_OscConfig
 .text.HAL_RCC_GetSysClockFreq
                0x080067f0      0x140 ../../libdaisy/build\libdaisy.a(stm32h7xx_hal_rcc.o)
                0x080067f0                HAL_RCC_GetSysClockFreq
 .text.HAL_RCC_ClockConfig
                0x08006930      0x234 ../../libdaisy/build\libdaisy.a(stm32h7xx_hal_rcc.o)
                0x08006930                HAL_RCC_ClockConfig
 .text.HAL_RCC_GetHCLKFreq
                0x08006b64       0x2c ../../libdaisy/build\libdaisy.a(stm32h7xx_hal_rcc.o)
                0x08006b64                HAL_RCC_GetHCLKFreq
 .text.RCCEx_PLL2_Config
                0x08006b90       0xf4 ../../libdaisy/build\libdaisy.a(stm32h7xx_hal_rcc_ex.o)
 .text.RCCEx_PLL3_Config
                0x08006c84       0xf4 ../../libdaisy/build\libdaisy.a(stm32h7xx_hal_rcc_ex.o)
 .text.HAL_RCCEx_PeriphCLKConfig
                0x08006d78      0xa7c ../../libdaisy/build\libdaisy.a(stm32h7xx_hal_rcc_ex.o)
                0x08006d78                HAL_RCCEx_PeriphCLKConfig
 .text.HAL_RCCEx_GetPLL2ClockFreq
                0x080077f4      0x17c ../../libdaisy/build\libdaisy.a(stm32h7xx_hal_rcc_ex.o)
                0x080077f4                HAL_RCCEx_GetPLL2ClockFreq
 .text.HAL_RCCEx_GetPLL3ClockFreq
                0x08007970      0x17c ../../libdaisy/build\libdaisy.a(stm32h7xx_hal_rcc_ex.o)
                0x08007970                HAL_RCCEx_GetPLL3ClockFreq
 .text.HAL_RCCEx_GetPLL1ClockFreq
                0x08007aec      0x17c ../../libdaisy/build\libdaisy.a(stm32h7xx_hal_rcc_ex.o)
                0x08007aec                HAL_RCCEx_GetPLL1ClockFreq
 .text.HAL_RCCEx_GetPeriphCLKFreq
                0x08007c68      0x198 ../../libdaisy/build\libdaisy.a(stm32h7xx_hal_rcc_ex.o)
                0x08007c68                HAL_RCCEx_GetPeriphCLKFreq
 .text.HAL_RCCEx_GetD1SysClockFreq
                0x08007e00       0x2c ../../libdaisy/build\libdaisy.a(stm32h7xx_hal_rcc_ex.o)
                0x08007e00                HAL_RCCEx_GetD1SysClockFreq
 .text.HAL_SAI_Init.part.0
                0x08007e2c      0x348 ../../libdaisy/build\libdaisy.a(stm32h7xx_hal_sai.o)
 .text.HAL_SAI_InitProtocol
                0x08008174      0x178 ../../libdaisy/build\libdaisy.a(stm32h7xx_hal_sai.o)
                0x08008174                HAL_SAI_InitProtocol
 .text.HAL_SAI_Transmit_DMA
                0x080082ec      0x124 ../../libdaisy/build\libdaisy.a(stm32h7xx_hal_sai.o)
                0x080082ec                HAL_SAI_Transmit_DMA
 .text.HAL_SAI_Receive_DMA
                0x08008410       0xd0 ../../libdaisy/build\libdaisy.a(stm32h7xx_hal_sai.o)
                0x08008410                HAL_SAI_Receive_DMA
 .text.HAL_SAI_TxCpltCallback
                0x080084e0        0x4 ../../libdaisy/build\libdaisy.a(stm32h7xx_hal_sai.o)
                0x080084e0                HAL_SAI_TxCpltCallback
 .text.SAI_DMATxCplt
                0x080084e4       0x64 ../../libdaisy/build\libdaisy.a(stm32h7xx_hal_sai.o)
 .text.HAL_SAI_TxHalfCpltCallback
                0x08008548        0x4 ../../libdaisy/build\libdaisy.a(stm32h7xx_hal_sai.o)
                0x08008548                HAL_SAI_TxHalfCpltCallback
 .text.SAI_DMATxHalfCplt
                0x0800854c        0xc ../../libdaisy/build\libdaisy.a(stm32h7xx_hal_sai.o)
 .text.SAI_DMARxCplt
                0x08008558       0x64 ../../libdaisy/build\libdaisy.a(stm32h7xx_hal_sai.o)
 .text.SAI_DMARxHalfCplt
                0x080085bc        0xc ../../libdaisy/build\libdaisy.a(stm32h7xx_hal_sai.o)
 .text.HAL_SAI_ErrorCallback
                0x080085c8        0x4 ../../libdaisy/build\libdaisy.a(stm32h7xx_hal_sai.o)
                0x080085c8                HAL_SAI_ErrorCallback
 .text.SAI_DMAError
                0x080085cc       0x6c ../../libdaisy/build\libdaisy.a(stm32h7xx_hal_sai.o)
 .text.HAL_SDRAM_Init
                0x08008638       0x54 ../../libdaisy/build\libdaisy.a(stm32h7xx_hal_sdram.o)
                0x08008638                HAL_SDRAM_Init
 .text.HAL_SDRAM_SendCommand
                0x0800868c       0x40 ../../libdaisy/build\libdaisy.a(stm32h7xx_hal_sdram.o)
                0x0800868c                HAL_SDRAM_SendCommand
 .text.HAL_SDRAM_ProgramRefreshRate
                0x080086cc       0x30 ../../libdaisy/build\libdaisy.a(stm32h7xx_hal_sdram.o)
                0x080086cc                HAL_SDRAM_ProgramRefreshRate
 .text.FMC_SDRAM_Init
                0x080086fc       0x7c ../../libdaisy/build\libdaisy.a(stm32h7xx_ll_fmc.o)
                0x080086fc                FMC_SDRAM_Init
 .text.FMC_SDRAM_Timing_Init
                0x08008778       0x98 ../../libdaisy/build\libdaisy.a(stm32h7xx_ll_fmc.o)
                0x08008778                FMC_SDRAM_Timing_Init
 .text.FMC_SDRAM_SendCommand
                0x08008810       0x28 ../../libdaisy/build\libdaisy.a(stm32h7xx_ll_fmc.o)
                0x08008810                FMC_SDRAM_SendCommand
 .text.FMC_SDRAM_ProgramRefreshRate
                0x08008838       0x1c ../../libdaisy/build\libdaisy.a(stm32h7xx_ll_fmc.o)
                0x08008838                FMC_SDRAM_ProgramRefreshRate
 .text._ZN5daisy3Led4InitE12dsy_gpio_pinbf
                0x08008854       0x48 ../../libdaisy/build\libdaisy.a(led.o)
                0x08008854                daisy::Led::Init(dsy_gpio_pin, bool, float)
 .text._ZN5daisy3Led3SetEf
                0x0800889c       0x24 ../../libdaisy/build\libdaisy.a(led.o)
                0x0800889c                daisy::Led::Set(float)
 .text._ZN5daisy3Led6UpdateEv
                0x080088c0       0x48 ../../libdaisy/build\libdaisy.a(led.o)
                0x080088c0                daisy::Led::Update()
 .text.dsy_i2c_global_init
                0x08008908       0x38 ../../libdaisy/build\libdaisy.a(i2c.o)
                0x08008908                dsy_i2c_global_init
 .text.DMA1_Stream6_IRQHandler
                0x08008940       0x24 ../../libdaisy/build\libdaisy.a(i2c.o)
                0x08008940                DMA1_Stream6_IRQHandler
 .text.I2C1_EV_IRQHandler
                0x08008964        0xc ../../libdaisy/build\libdaisy.a(i2c.o)
                0x08008964                I2C1_EV_IRQHandler
 .text.I2C2_EV_IRQHandler
                0x08008970        0xc ../../libdaisy/build\libdaisy.a(i2c.o)
                0x08008970                I2C2_EV_IRQHandler
 .text.I2C3_EV_IRQHandler
                0x0800897c        0xc ../../libdaisy/build\libdaisy.a(i2c.o)
                0x0800897c                I2C3_EV_IRQHandler
 .text.HAL_TIM_Base_MspInit
                0x08008988       0xa8 ../../libdaisy/build\libdaisy.a(tim.o)
                0x08008988                HAL_TIM_Base_MspInit
 .text._ZN5daisy11TimerHandle4InitERKNS0_6ConfigE
                0x08008a30       0xc4 ../../libdaisy/build\libdaisy.a(tim.o)
                0x08008a30                daisy::TimerHandle::Init(daisy::TimerHandle::Config const&)
 .text._ZN5daisy11TimerHandle5StartEv
                0x08008af4       0x14 ../../libdaisy/build\libdaisy.a(tim.o)
                0x08008af4                daisy::TimerHandle::Start()
 .text.dsy_dma_init
                0x08008b08       0x98 ../../libdaisy/build\libdaisy.a(dma.o)
                0x08008b08                dsy_dma_init
 .text.HAL_I2C_EV_IRQHandler
                0x08008ba0       0x10 ../../libdaisy/build\libdaisy.a(stm32h7xx_hal_i2c.o)
                0x08008ba0                HAL_I2C_EV_IRQHandler
 .text.HAL_MDMA_Abort_IT
                0x08008bb0       0x2c ../../libdaisy/build\libdaisy.a(stm32h7xx_hal_mdma.o)
                0x08008bb0                HAL_MDMA_Abort_IT
 .text.HAL_TIM_Base_Init
                0x08008bdc      0x140 ../../libdaisy/build\libdaisy.a(stm32h7xx_hal_tim.o)
                0x08008bdc                HAL_TIM_Base_Init
 .text.HAL_TIM_Base_Start
                0x08008d1c       0x34 ../../libdaisy/build\libdaisy.a(stm32h7xx_hal_tim.o)
                0x08008d1c                HAL_TIM_Base_Start
 .text.HAL_TIM_ConfigClockSource
                0x08008d50      0x17c ../../libdaisy/build\libdaisy.a(stm32h7xx_hal_tim.o)
                0x08008d50                HAL_TIM_ConfigClockSource
 .text.HAL_TIMEx_MasterConfigSynchronization
                0x08008ecc       0x64 ../../libdaisy/build\libdaisy.a(stm32h7xx_hal_tim_ex.o)
                0x08008ecc                HAL_TIMEx_MasterConfigSynchronization
 .text._ZN7daisysp2PD7ProcessEv
                0x08008f30      0x3c8 ../../DaisySP/build\libdaisysp.a(pd.o)
                0x08008f30                daisysp::PD::Process()
 .text._ZN7daisysp2PD12CalcPhaseIncEf
                0x080092f8       0x18 ../../DaisySP/build\libdaisysp.a(pd.o)
                0x080092f8                daisysp::PD::CalcPhaseInc(float)
 .text.__aeabi_atexit
                0x08009310        0xa c:/program files (x86)/gnu arm embedded toolchain/10 2020-q4-major/bin/../lib/gcc/arm-none-eabi/10.2.1/../../../../arm-none-eabi/lib/thumb/v7e-m+dp/hard\libstdc++_nano.a(atexit_arm.o)
                0x08009310                __aeabi_atexit
 *fill*         0x0800931a        0x6 
 .text.cosf     0x08009320      0x1bc c:/program files (x86)/gnu arm embedded toolchain/10 2020-q4-major/bin/../lib/gcc/arm-none-eabi/10.2.1/../../../../arm-none-eabi/lib/thumb/v7e-m+dp/hard\libm.a(lib_a-cosf.o)
                0x08009320                cosf
 .text.with_errnof
                0x080094dc       0x18 c:/program files (x86)/gnu arm embedded toolchain/10 2020-q4-major/bin/../lib/gcc/arm-none-eabi/10.2.1/../../../../arm-none-eabi/lib/thumb/v7e-m+dp/hard\libm.a(lib_a-math_errf.o)
 .text.xflowf   0x080094f4       0x20 c:/program files (x86)/gnu arm embedded toolchain/10 2020-q4-major/bin/../lib/gcc/arm-none-eabi/10.2.1/../../../../arm-none-eabi/lib/thumb/v7e-m+dp/hard\libm.a(lib_a-math_errf.o)
 .text.__math_uflowf
                0x08009514        0xc c:/program files (x86)/gnu arm embedded toolchain/10 2020-q4-major/bin/../lib/gcc/arm-none-eabi/10.2.1/../../../../arm-none-eabi/lib/thumb/v7e-m+dp/hard\libm.a(lib_a-math_errf.o)
                0x08009514                __math_uflowf
 .text.__math_may_uflowf
                0x08009520        0xc c:/program files (x86)/gnu arm embedded toolchain/10 2020-q4-major/bin/../lib/gcc/arm-none-eabi/10.2.1/../../../../arm-none-eabi/lib/thumb/v7e-m+dp/hard\libm.a(lib_a-math_errf.o)
                0x08009520                __math_may_uflowf
 .text.__math_oflowf
                0x0800952c        0xc c:/program files (x86)/gnu arm embedded toolchain/10 2020-q4-major/bin/../lib/gcc/arm-none-eabi/10.2.1/../../../../arm-none-eabi/lib/thumb/v7e-m+dp/hard\libm.a(lib_a-math_errf.o)
                0x0800952c                __math_oflowf
 .text.__math_divzerof
                0x08009538       0x24 c:/program files (x86)/gnu arm embedded toolchain/10 2020-q4-major/bin/../lib/gcc/arm-none-eabi/10.2.1/../../../../arm-none-eabi/lib/thumb/v7e-m+dp/hard\libm.a(lib_a-math_errf.o)
                0x08009538                __math_divzerof
 .text.__math_invalidf
                0x0800955c       0x20 c:/program files (x86)/gnu arm embedded toolchain/10 2020-q4-major/bin/../lib/gcc/arm-none-eabi/10.2.1/../../../../arm-none-eabi/lib/thumb/v7e-m+dp/hard\libm.a(lib_a-math_errf.o)
                0x0800955c                __math_invalidf
 .text.expf     0x0800957c       0xe4 c:/program files (x86)/gnu arm embedded toolchain/10 2020-q4-major/bin/../lib/gcc/arm-none-eabi/10.2.1/../../../../arm-none-eabi/lib/thumb/v7e-m+dp/hard\libm.a(lib_a-sf_exp.o)
                0x0800957c                expf
 .text.logf     0x08009660       0xc8 c:/program files (x86)/gnu arm embedded toolchain/10 2020-q4-major/bin/../lib/gcc/arm-none-eabi/10.2.1/../../../../arm-none-eabi/lib/thumb/v7e-m+dp/hard\libm.a(lib_a-sf_log.o)
                0x08009660                logf
 .text.powf     0x08009728      0x328 c:/program files (x86)/gnu arm embedded toolchain/10 2020-q4-major/bin/../lib/gcc/arm-none-eabi/10.2.1/../../../../arm-none-eabi/lib/thumb/v7e-m+dp/hard\libm.a(lib_a-sf_pow.o)
                0x08009728                powf
 .text.fmodf    0x08009a50       0x54 c:/program files (x86)/gnu arm embedded toolchain/10 2020-q4-major/bin/../lib/gcc/arm-none-eabi/10.2.1/../../../../arm-none-eabi/lib/thumb/v7e-m+dp/hard\libm.a(lib_a-wf_fmod.o)
                0x08009a50                fmodf
 .text.__ieee754_fmodf
                0x08009aa4      0x120 c:/program files (x86)/gnu arm embedded toolchain/10 2020-q4-major/bin/../lib/gcc/arm-none-eabi/10.2.1/../../../../arm-none-eabi/lib/thumb/v7e-m+dp/hard\libm.a(lib_a-ef_fmod.o)
                0x08009aa4                __ieee754_fmodf
 .text.__cxa_atexit
                0x08009bc4       0x1c c:/program files (x86)/gnu arm embedded toolchain/10 2020-q4-major/bin/../lib/gcc/arm-none-eabi/10.2.1/../../../../arm-none-eabi/lib/thumb/v7e-m+dp/hard\libc_nano.a(lib_a-cxa_atexit.o)
                0x08009bc4                __cxa_atexit
 .text.__errno  0x08009be0        0xc c:/program files (x86)/gnu arm embedded toolchain/10 2020-q4-major/bin/../lib/gcc/arm-none-eabi/10.2.1/../../../../arm-none-eabi/lib/thumb/v7e-m+dp/hard\libc_nano.a(lib_a-errno.o)
                0x08009be0                __errno
 .text.__libc_init_array
                0x08009bec       0x48 c:/program files (x86)/gnu arm embedded toolchain/10 2020-q4-major/bin/../lib/gcc/arm-none-eabi/10.2.1/../../../../arm-none-eabi/lib/thumb/v7e-m+dp/hard\libc_nano.a(lib_a-init.o)
                0x08009bec                __libc_init_array
 .text.memcpy   0x08009c34       0x1c c:/program files (x86)/gnu arm embedded toolchain/10 2020-q4-major/bin/../lib/gcc/arm-none-eabi/10.2.1/../../../../arm-none-eabi/lib/thumb/v7e-m+dp/hard\libc_nano.a(lib_a-memcpy-stub.o)
                0x08009c34                memcpy
 .text.memset   0x08009c50       0x10 c:/program files (x86)/gnu arm embedded toolchain/10 2020-q4-major/bin/../lib/gcc/arm-none-eabi/10.2.1/../../../../arm-none-eabi/lib/thumb/v7e-m+dp/hard\libc_nano.a(lib_a-memset.o)
                0x08009c50                memset
 *(.rodata)
 .rodata        0x08009c60       0x10 ../../libdaisy/build\libdaisy.a(tim.o)
 *(.rodata*)
 .rodata._ZL8seedgpio
                0x08009c70       0x3e ../../libdaisy/build\libdaisy.a(daisy_seed.o)
 *fill*         0x08009cae        0x2 
 .rodata._ZL16dsy_adc_rank_map
                0x08009cb0       0x40 ../../libdaisy/build\libdaisy.a(adc.o)
 .rodata.HAL_QSPI_MspInit.str1.4
                0x08009cf0        0x7 ../../libdaisy/build\libdaisy.a(qspi.o)
 *fill*         0x08009cf7        0x1 
 .rodata.CSWTCH.31
                0x08009cf8        0x3 ../../libdaisy/build\libdaisy.a(sai.o)
 *fill*         0x08009cfb        0x1 
 .rodata.CSWTCH.32
                0x08009cfc        0xc ../../libdaisy/build\libdaisy.a(sai.o)
 .rodata.CSWTCH.39
                0x08009d08       0x14 ../../libdaisy/build\libdaisy.a(sai.o)
 .rodata.D1CorePrescTable
                0x08009d1c       0x10 ../../libdaisy/build\libdaisy.a(system_stm32h7xx.o)
                0x08009d1c                D1CorePrescTable
 .rodata._ZN5daisy5Color15standard_colorsE
                0x08009d2c       0x60 ../../libdaisy/build\libdaisy.a(color.o)
                0x08009d2c                daisy::Color::standard_colors
 .rodata.gpio_hal_pin_map
                0x08009d8c       0x20 ../../libdaisy/build\libdaisy.a(hal_map.o)
 .rodata.gpio_hal_port_map
                0x08009dac       0x30 ../../libdaisy/build\libdaisy.a(hal_map.o)
 .rodata.flagBitshiftOffset.0
                0x08009ddc        0x8 ../../libdaisy/build\libdaisy.a(stm32h7xx_hal_dma.o)
 *fill*         0x08009de4        0x4 
 .rodata.__exp2f_data
                0x08009de8      0x148 c:/program files (x86)/gnu arm embedded toolchain/10 2020-q4-major/bin/../lib/gcc/arm-none-eabi/10.2.1/../../../../arm-none-eabi/lib/thumb/v7e-m+dp/hard\libm.a(lib_a-sf_exp2_data.o)
                0x08009de8                __exp2f_data
 .rodata.__logf_data
                0x08009f30      0x120 c:/program files (x86)/gnu arm embedded toolchain/10 2020-q4-major/bin/../lib/gcc/arm-none-eabi/10.2.1/../../../../arm-none-eabi/lib/thumb/v7e-m+dp/hard\libm.a(lib_a-sf_log_data.o)
                0x08009f30                __logf_data
 .rodata.__powf_log2_data
                0x0800a050      0x128 c:/program files (x86)/gnu arm embedded toolchain/10 2020-q4-major/bin/../lib/gcc/arm-none-eabi/10.2.1/../../../../arm-none-eabi/lib/thumb/v7e-m+dp/hard\libm.a(lib_a-sf_pow_log2_data.o)
                0x0800a050                __powf_log2_data
 .rodata.__inv_pio4
                0x0800a178       0x60 c:/program files (x86)/gnu arm embedded toolchain/10 2020-q4-major/bin/../lib/gcc/arm-none-eabi/10.2.1/../../../../arm-none-eabi/lib/thumb/v7e-m+dp/hard\libm.a(lib_a-sincosf_data.o)
                0x0800a178                __inv_pio4
 .rodata.__sincosf_table
                0x0800a1d8       0xe0 c:/program files (x86)/gnu arm embedded toolchain/10 2020-q4-major/bin/../lib/gcc/arm-none-eabi/10.2.1/../../../../arm-none-eabi/lib/thumb/v7e-m+dp/hard\libm.a(lib_a-sincosf_data.o)
                0x0800a1d8                __sincosf_table
 .rodata.Zero   0x0800a2b8        0x8 c:/program files (x86)/gnu arm embedded toolchain/10 2020-q4-major/bin/../lib/gcc/arm-none-eabi/10.2.1/../../../../arm-none-eabi/lib/thumb/v7e-m+dp/hard\libm.a(lib_a-ef_fmod.o)
 *(.glue_7)
 .glue_7        0x0800a2c0        0x0 linker stubs
 *(.glue_7t)
 .glue_7t       0x0800a2c0        0x0 linker stubs
 *(.init)
 .init          0x0800a2c0        0x4 c:/program files (x86)/gnu arm embedded toolchain/10 2020-q4-major/bin/../lib/gcc/arm-none-eabi/10.2.1/thumb/v7e-m+dp/hard/crti.o
                0x0800a2c0                _init
 .init          0x0800a2c4        0x8 c:/program files (x86)/gnu arm embedded toolchain/10 2020-q4-major/bin/../lib/gcc/arm-none-eabi/10.2.1/thumb/v7e-m+dp/hard/crtn.o
 *(.fini)
 .fini          0x0800a2cc        0x4 c:/program files (x86)/gnu arm embedded toolchain/10 2020-q4-major/bin/../lib/gcc/arm-none-eabi/10.2.1/thumb/v7e-m+dp/hard/crti.o
                0x0800a2cc                _fini
 .fini          0x0800a2d0        0x8 c:/program files (x86)/gnu arm embedded toolchain/10 2020-q4-major/bin/../lib/gcc/arm-none-eabi/10.2.1/thumb/v7e-m+dp/hard/crtn.o
                0x0800a2d8                . = ALIGN (0x4)
                0x0800a2d8                _etext = .

.eh_frame       0x0800a2d8        0x0
 .eh_frame      0x0800a2d8        0x0 c:/program files (x86)/gnu arm embedded toolchain/10 2020-q4-major/bin/../lib/gcc/arm-none-eabi/10.2.1/thumb/v7e-m+dp/hard/crtbegin.o

.vfp11_veneer   0x0800a2d8        0x0
 .vfp11_veneer  0x0800a2d8        0x0 linker stubs

.v4_bx          0x0800a2d8        0x0
 .v4_bx         0x0800a2d8        0x0 linker stubs

.iplt           0x0800a2d8        0x0
 .iplt          0x0800a2d8        0x0 c:/program files (x86)/gnu arm embedded toolchain/10 2020-q4-major/bin/../lib/gcc/arm-none-eabi/10.2.1/thumb/v7e-m+dp/hard/crtbegin.o

.rel.dyn        0x0800a2d8        0x0
 .rel.iplt      0x0800a2d8        0x0 c:/program files (x86)/gnu arm embedded toolchain/10 2020-q4-major/bin/../lib/gcc/arm-none-eabi/10.2.1/thumb/v7e-m+dp/hard/crtbegin.o

.ARM.extab      0x0800a2d8        0x0
                0x0800a2d8                . = ALIGN (0x4)
 *(.ARM.extab)
 *(.gnu.linkonce.armextab.*)
                0x0800a2d8                . = ALIGN (0x4)

.exidx          0x0800a2d8        0x0
                0x0800a2d8                . = ALIGN (0x4)
                [!provide]                PROVIDE (__exidx_start = .)
 *(.ARM.exidx*)
                0x0800a2d8                . = ALIGN (0x4)
                [!provide]                PROVIDE (__exidx_end = .)

.ARM.attributes
                0x0800a2d8       0x2e
 *(.ARM.attributes)
 .ARM.attributes
                0x0800a2d8       0x1e c:/program files (x86)/gnu arm embedded toolchain/10 2020-q4-major/bin/../lib/gcc/arm-none-eabi/10.2.1/thumb/v7e-m+dp/hard/crti.o
 .ARM.attributes
                0x0800a2f6       0x32 c:/program files (x86)/gnu arm embedded toolchain/10 2020-q4-major/bin/../lib/gcc/arm-none-eabi/10.2.1/thumb/v7e-m+dp/hard/crtbegin.o
 .ARM.attributes
                0x0800a328       0x32 build/startup_stm32h750xx.o
 .ARM.attributes
                0x0800a35a       0x32 build/phase-casserole.o
 .ARM.attributes
                0x0800a38c       0x32 ../../libdaisy/build\libdaisy.a(daisy_pod.o)
 .ARM.attributes
                0x0800a3be       0x32 ../../libdaisy/build\libdaisy.a(daisy_seed.o)
 .ARM.attributes
                0x0800a3f0       0x32 ../../libdaisy/build\libdaisy.a(codec_ak4556.o)
 .ARM.attributes
                0x0800a422       0x32 ../../libdaisy/build\libdaisy.a(sdram.o)
 .ARM.attributes
                0x0800a454       0x32 ../../libdaisy/build\libdaisy.a(audio.o)
 .ARM.attributes
                0x0800a486       0x32 ../../libdaisy/build\libdaisy.a(ctrl.o)
 .ARM.attributes
                0x0800a4b8       0x32 ../../libdaisy/build\libdaisy.a(encoder.o)
 .ARM.attributes
                0x0800a4ea       0x32 ../../libdaisy/build\libdaisy.a(parameter.o)
 .ARM.attributes
                0x0800a51c       0x32 ../../libdaisy/build\libdaisy.a(rgb_led.o)
 .ARM.attributes
                0x0800a54e       0x32 ../../libdaisy/build\libdaisy.a(switch.o)
 .ARM.attributes
                0x0800a580       0x32 ../../libdaisy/build\libdaisy.a(adc.o)
 .ARM.attributes
                0x0800a5b2       0x32 ../../libdaisy/build\libdaisy.a(gpio.o)
 .ARM.attributes
                0x0800a5e4       0x32 ../../libdaisy/build\libdaisy.a(qspi.o)
 .ARM.attributes
                0x0800a616       0x32 ../../libdaisy/build\libdaisy.a(sai.o)
 .ARM.attributes
                0x0800a648       0x32 ../../libdaisy/build\libdaisy.a(system.o)
 .ARM.attributes
                0x0800a67a       0x32 ../../libdaisy/build\libdaisy.a(system_stm32h7xx.o)
 .ARM.attributes
                0x0800a6ac       0x32 ../../libdaisy/build\libdaisy.a(color.o)
 .ARM.attributes
                0x0800a6de       0x32 ../../libdaisy/build\libdaisy.a(hal_map.o)
 .ARM.attributes
                0x0800a710       0x32 ../../libdaisy/build\libdaisy.a(stm32h7xx_hal.o)
 .ARM.attributes
                0x0800a742       0x32 ../../libdaisy/build\libdaisy.a(stm32h7xx_hal_adc.o)
 .ARM.attributes
                0x0800a774       0x32 ../../libdaisy/build\libdaisy.a(stm32h7xx_hal_adc_ex.o)
 .ARM.attributes
                0x0800a7a6       0x32 ../../libdaisy/build\libdaisy.a(stm32h7xx_hal_cortex.o)
 .ARM.attributes
                0x0800a7d8       0x32 ../../libdaisy/build\libdaisy.a(stm32h7xx_hal_dma.o)
 .ARM.attributes
                0x0800a80a       0x32 ../../libdaisy/build\libdaisy.a(stm32h7xx_hal_gpio.o)
 .ARM.attributes
                0x0800a83c       0x32 ../../libdaisy/build\libdaisy.a(stm32h7xx_hal_pwr_ex.o)
 .ARM.attributes
                0x0800a86e       0x32 ../../libdaisy/build\libdaisy.a(stm32h7xx_hal_qspi.o)
 .ARM.attributes
                0x0800a8a0       0x32 ../../libdaisy/build\libdaisy.a(stm32h7xx_hal_rcc.o)
 .ARM.attributes
                0x0800a8d2       0x32 ../../libdaisy/build\libdaisy.a(stm32h7xx_hal_rcc_ex.o)
 .ARM.attributes
                0x0800a904       0x32 ../../libdaisy/build\libdaisy.a(stm32h7xx_hal_sai.o)
 .ARM.attributes
                0x0800a936       0x32 ../../libdaisy/build\libdaisy.a(stm32h7xx_hal_sdram.o)
 .ARM.attributes
                0x0800a968       0x32 ../../libdaisy/build\libdaisy.a(stm32h7xx_ll_fmc.o)
 .ARM.attributes
                0x0800a99a       0x32 ../../libdaisy/build\libdaisy.a(led.o)
 .ARM.attributes
                0x0800a9cc       0x32 ../../libdaisy/build\libdaisy.a(i2c.o)
 .ARM.attributes
                0x0800a9fe       0x32 ../../libdaisy/build\libdaisy.a(tim.o)
 .ARM.attributes
                0x0800aa30       0x32 ../../libdaisy/build\libdaisy.a(dma.o)
 .ARM.attributes
                0x0800aa62       0x32 ../../libdaisy/build\libdaisy.a(stm32h7xx_hal_i2c.o)
 .ARM.attributes
                0x0800aa94       0x32 ../../libdaisy/build\libdaisy.a(stm32h7xx_hal_mdma.o)
 .ARM.attributes
                0x0800aac6       0x32 ../../libdaisy/build\libdaisy.a(stm32h7xx_hal_tim.o)
 .ARM.attributes
                0x0800aaf8       0x32 ../../libdaisy/build\libdaisy.a(stm32h7xx_hal_tim_ex.o)
 .ARM.attributes
                0x0800ab2a       0x32 ../../DaisySP/build\libdaisysp.a(pd.o)
 .ARM.attributes
                0x0800ab5c       0x32 c:/program files (x86)/gnu arm embedded toolchain/10 2020-q4-major/bin/../lib/gcc/arm-none-eabi/10.2.1/../../../../arm-none-eabi/lib/thumb/v7e-m+dp/hard\libstdc++_nano.a(atexit_arm.o)
 .ARM.attributes
                0x0800ab8e       0x32 c:/program files (x86)/gnu arm embedded toolchain/10 2020-q4-major/bin/../lib/gcc/arm-none-eabi/10.2.1/../../../../arm-none-eabi/lib/thumb/v7e-m+dp/hard\libm.a(lib_a-cosf.o)
 .ARM.attributes
                0x0800abc0       0x32 c:/program files (x86)/gnu arm embedded toolchain/10 2020-q4-major/bin/../lib/gcc/arm-none-eabi/10.2.1/../../../../arm-none-eabi/lib/thumb/v7e-m+dp/hard\libm.a(lib_a-math_errf.o)
 .ARM.attributes
                0x0800abf2       0x32 c:/program files (x86)/gnu arm embedded toolchain/10 2020-q4-major/bin/../lib/gcc/arm-none-eabi/10.2.1/../../../../arm-none-eabi/lib/thumb/v7e-m+dp/hard\libm.a(lib_a-sf_exp.o)
 .ARM.attributes
                0x0800ac24       0x30 c:/program files (x86)/gnu arm embedded toolchain/10 2020-q4-major/bin/../lib/gcc/arm-none-eabi/10.2.1/../../../../arm-none-eabi/lib/thumb/v7e-m+dp/hard\libm.a(lib_a-sf_exp2_data.o)
 .ARM.attributes
                0x0800ac54       0x32 c:/program files (x86)/gnu arm embedded toolchain/10 2020-q4-major/bin/../lib/gcc/arm-none-eabi/10.2.1/../../../../arm-none-eabi/lib/thumb/v7e-m+dp/hard\libm.a(lib_a-sf_log.o)
 .ARM.attributes
                0x0800ac86       0x30 c:/program files (x86)/gnu arm embedded toolchain/10 2020-q4-major/bin/../lib/gcc/arm-none-eabi/10.2.1/../../../../arm-none-eabi/lib/thumb/v7e-m+dp/hard\libm.a(lib_a-sf_log_data.o)
 .ARM.attributes
                0x0800acb6       0x32 c:/program files (x86)/gnu arm embedded toolchain/10 2020-q4-major/bin/../lib/gcc/arm-none-eabi/10.2.1/../../../../arm-none-eabi/lib/thumb/v7e-m+dp/hard\libm.a(lib_a-sf_pow.o)
 .ARM.attributes
                0x0800ace8       0x30 c:/program files (x86)/gnu arm embedded toolchain/10 2020-q4-major/bin/../lib/gcc/arm-none-eabi/10.2.1/../../../../arm-none-eabi/lib/thumb/v7e-m+dp/hard\libm.a(lib_a-sf_pow_log2_data.o)
 .ARM.attributes
                0x0800ad18       0x30 c:/program files (x86)/gnu arm embedded toolchain/10 2020-q4-major/bin/../lib/gcc/arm-none-eabi/10.2.1/../../../../arm-none-eabi/lib/thumb/v7e-m+dp/hard\libm.a(lib_a-sincosf_data.o)
 .ARM.attributes
                0x0800ad48       0x32 c:/program files (x86)/gnu arm embedded toolchain/10 2020-q4-major/bin/../lib/gcc/arm-none-eabi/10.2.1/../../../../arm-none-eabi/lib/thumb/v7e-m+dp/hard\libm.a(lib_a-wf_fmod.o)
 .ARM.attributes
                0x0800ad7a       0x32 c:/program files (x86)/gnu arm embedded toolchain/10 2020-q4-major/bin/../lib/gcc/arm-none-eabi/10.2.1/../../../../arm-none-eabi/lib/thumb/v7e-m+dp/hard\libm.a(lib_a-ef_fmod.o)
 .ARM.attributes
                0x0800adac       0x30 c:/program files (x86)/gnu arm embedded toolchain/10 2020-q4-major/bin/../lib/gcc/arm-none-eabi/10.2.1/../../../../arm-none-eabi/lib/thumb/v7e-m+dp/hard\libm.a(lib_a-s_lib_ver.o)
 .ARM.attributes
                0x0800addc       0x32 c:/program files (x86)/gnu arm embedded toolchain/10 2020-q4-major/bin/../lib/gcc/arm-none-eabi/10.2.1/../../../../arm-none-eabi/lib/thumb/v7e-m+dp/hard\libc_nano.a(lib_a-cxa_atexit.o)
 .ARM.attributes
                0x0800ae0e       0x32 c:/program files (x86)/gnu arm embedded toolchain/10 2020-q4-major/bin/../lib/gcc/arm-none-eabi/10.2.1/../../../../arm-none-eabi/lib/thumb/v7e-m+dp/hard\libc_nano.a(lib_a-errno.o)
 .ARM.attributes
                0x0800ae40       0x30 c:/program files (x86)/gnu arm embedded toolchain/10 2020-q4-major/bin/../lib/gcc/arm-none-eabi/10.2.1/../../../../arm-none-eabi/lib/thumb/v7e-m+dp/hard\libc_nano.a(lib_a-impure.o)
 .ARM.attributes
                0x0800ae70       0x32 c:/program files (x86)/gnu arm embedded toolchain/10 2020-q4-major/bin/../lib/gcc/arm-none-eabi/10.2.1/../../../../arm-none-eabi/lib/thumb/v7e-m+dp/hard\libc_nano.a(lib_a-init.o)
 .ARM.attributes
                0x0800aea2       0x32 c:/program files (x86)/gnu arm embedded toolchain/10 2020-q4-major/bin/../lib/gcc/arm-none-eabi/10.2.1/../../../../arm-none-eabi/lib/thumb/v7e-m+dp/hard\libc_nano.a(lib_a-memcpy-stub.o)
 .ARM.attributes
                0x0800aed4       0x32 c:/program files (x86)/gnu arm embedded toolchain/10 2020-q4-major/bin/../lib/gcc/arm-none-eabi/10.2.1/../../../../arm-none-eabi/lib/thumb/v7e-m+dp/hard\libc_nano.a(lib_a-memset.o)
 .ARM.attributes
                0x0800af06       0x1e c:/program files (x86)/gnu arm embedded toolchain/10 2020-q4-major/bin/../lib/gcc/arm-none-eabi/10.2.1/thumb/v7e-m+dp/hard\libgcc.a(_arm_addsubdf3.o)
 .ARM.attributes
                0x0800af24       0x1e c:/program files (x86)/gnu arm embedded toolchain/10 2020-q4-major/bin/../lib/gcc/arm-none-eabi/10.2.1/thumb/v7e-m+dp/hard/crtn.o

.preinit_array  0x0800a2d8        0x0
                0x0800a2d8                PROVIDE (__preinit_array_start = .)
 *(.preinit_array*)
                0x0800a2d8                PROVIDE (__preinit_array_end = .)

.init_array     0x0800a2d8       0x10
                0x0800a2d8                PROVIDE (__init_array_start = .)
 *(SORT_BY_NAME(.init_array.*))
 *(.init_array*)
 .init_array    0x0800a2d8        0x4 c:/program files (x86)/gnu arm embedded toolchain/10 2020-q4-major/bin/../lib/gcc/arm-none-eabi/10.2.1/thumb/v7e-m+dp/hard/crtbegin.o
 .init_array    0x0800a2dc        0x4 build/phase-casserole.o
 .init_array    0x0800a2e0        0x4 ../../libdaisy/build\libdaisy.a(audio.o)
 .init_array    0x0800a2e4        0x4 ../../libdaisy/build\libdaisy.a(system.o)
                0x0800a2e8                PROVIDE (__init_array_end = .)

.fini_array     0x0800a2e8        0x4
                [!provide]                PROVIDE (__fini_array_start = .)
 *(.fini_array*)
 .fini_array    0x0800a2e8        0x4 c:/program files (x86)/gnu arm embedded toolchain/10 2020-q4-major/bin/../lib/gcc/arm-none-eabi/10.2.1/thumb/v7e-m+dp/hard/crtbegin.o
 *(SORT_BY_NAME(.fini_array.*))
                [!provide]                PROVIDE (__fini_array_end = .)

.data           0x24000000       0x7c load address 0x0800a2ec
                0x24000000                . = ALIGN (0x4)
                0x24000000                _sdata = .
                [!provide]                PROVIDE (__data_start__ = _sdata)
 *(.data)
 .data          0x24000000        0x4 c:/program files (x86)/gnu arm embedded toolchain/10 2020-q4-major/bin/../lib/gcc/arm-none-eabi/10.2.1/thumb/v7e-m+dp/hard/crtbegin.o
                0x24000000                __dso_handle
 *(.data*)
 .data.SystemCoreClock
                0x24000004        0x4 ../../libdaisy/build\libdaisy.a(system_stm32h7xx.o)
                0x24000004                SystemCoreClock
 .data.SystemD2Clock
                0x24000008        0x4 ../../libdaisy/build\libdaisy.a(system_stm32h7xx.o)
                0x24000008                SystemD2Clock
 .data.uwTickFreq
                0x2400000c        0x1 ../../libdaisy/build\libdaisy.a(stm32h7xx_hal.o)
 *fill*         0x2400000d        0x3 
 .data.uwTickPrio
                0x24000010        0x4 ../../libdaisy/build\libdaisy.a(stm32h7xx_hal.o)
 .data.__fdlib_version
                0x24000014        0x1 c:/program files (x86)/gnu arm embedded toolchain/10 2020-q4-major/bin/../lib/gcc/arm-none-eabi/10.2.1/../../../../arm-none-eabi/lib/thumb/v7e-m+dp/hard\libm.a(lib_a-s_lib_ver.o)
                0x24000014                __fdlib_version
 *fill*         0x24000015        0x3 
 .data._impure_ptr
                0x24000018        0x4 c:/program files (x86)/gnu arm embedded toolchain/10 2020-q4-major/bin/../lib/gcc/arm-none-eabi/10.2.1/../../../../arm-none-eabi/lib/thumb/v7e-m+dp/hard\libc_nano.a(lib_a-impure.o)
                0x24000018                _impure_ptr
 .data.impure_data
                0x2400001c       0x60 c:/program files (x86)/gnu arm embedded toolchain/10 2020-q4-major/bin/../lib/gcc/arm-none-eabi/10.2.1/../../../../arm-none-eabi/lib/thumb/v7e-m+dp/hard\libc_nano.a(lib_a-impure.o)
                0x2400007c                . = ALIGN (0x4)
                0x2400007c                _edata = .
                [!provide]                PROVIDE (__data_end__ = _edata)
                0x0800a2ec                _sidata = LOADADDR (.data)

.igot.plt       0x2400007c        0x0 load address 0x0800a368
 .igot.plt      0x2400007c        0x0 c:/program files (x86)/gnu arm embedded toolchain/10 2020-q4-major/bin/../lib/gcc/arm-none-eabi/10.2.1/thumb/v7e-m+dp/hard/crtbegin.o

.bss            0x24000080      0xe44 load address 0x0800a368
                0x24000080                . = ALIGN (0x4)
                0x24000080                _sbss = .
                0x24000080                PROVIDE (__bss_start__ = _sbss)
 *(.bss)
 .bss           0x24000080       0x1c c:/program files (x86)/gnu arm embedded toolchain/10 2020-q4-major/bin/../lib/gcc/arm-none-eabi/10.2.1/thumb/v7e-m+dp/hard/crtbegin.o
 *(.bss*)
 .bss.knob1Param
                0x2400009c       0x34 build/phase-casserole.o
                0x2400009c                knob1Param
 .bss.osc2      0x240000d0       0x28 build/phase-casserole.o
                0x240000d0                osc2
 .bss.pd1       0x240000f8       0x28 build/phase-casserole.o
                0x240000f8                pd1
 .bss.pod       0x24000120      0x16c build/phase-casserole.o
                0x24000120                pod
 .bss.FMC_Initialized
                0x2400028c        0x4 ../../libdaisy/build\libdaisy.a(sdram.o)
 .bss.dsy_sdram
                0x24000290       0x3c ../../libdaisy/build\libdaisy.a(sdram.o)
 .bss._ZN5daisyL12audio_handleE
                0x240002cc       0x30 ../../libdaisy/build\libdaisy.a(audio.o)
 *fill*         0x240002fc        0x4 
 .bss._ZL3adc   0x24000300      0x210 ../../libdaisy/build\libdaisy.a(adc.o)
 .bss.qspi_handle
                0x24000510       0x54 ../../libdaisy/build\libdaisy.a(qspi.o)
 .bss._ZN5daisyL11sai_handlesE
                0x24000564      0x4b8 ../../libdaisy/build\libdaisy.a(sai.o)
 .bss._ZN5daisy6System4tim_E
                0x24000a1c        0x4 ../../libdaisy/build\libdaisy.a(system.o)
                0x24000a1c                daisy::System::tim_
 .bss.uwTick    0x24000a20        0x4 ../../libdaisy/build\libdaisy.a(stm32h7xx_hal.o)
 .bss._ZN5daisy9I2CHandle4Impl21queued_dma_transfers_E
                0x24000a24       0x3c ../../libdaisy/build\libdaisy.a(i2c.o)
                0x24000a24                daisy::I2CHandle::Impl::queued_dma_transfers_
 .bss._ZN5daisy9I2CHandle4Impl22dma_active_peripheral_E
                0x24000a60        0x1 ../../libdaisy/build\libdaisy.a(i2c.o)
                0x24000a60                daisy::I2CHandle::Impl::dma_active_peripheral_
 *fill*         0x24000a61        0x3 
 .bss._ZN5daisyL11i2c_handlesE
                0x24000a64      0x340 ../../libdaisy/build\libdaisy.a(i2c.o)
 .bss._ZN5daisyL11tim_handlesE
                0x24000da4      0x120 ../../libdaisy/build\libdaisy.a(tim.o)
 *(COMMON)
                0x24000ec4                . = ALIGN (0x4)
                0x24000ec4                _ebss = .
                0x24000ec4                PROVIDE (__bss_end__ = _ebss)
                [!provide]                PROVIDE (end = .)

.dtcmram_bss    0x20000000        0x0
                0x20000000                . = ALIGN (0x4)
                0x20000000                _sdtcmram_bss = .
                [!provide]                PROVIDE (__dtcmram_bss_start__ = _sdtcmram_bss)
 *(.dtcmram_bss)
 *(.dtcmram_bss*)
                0x20000000                . = ALIGN (0x4)
                0x20000000                _edtcmram_bss = .
                [!provide]                PROVIDE (__dtcmram_bss_end__ = _edtcmram_bss)

.sram1_bss      0x30000000     0x4118
                0x30000000                . = ALIGN (0x4)
                0x30000000                _ssram1_bss = .
                [!provide]                PROVIDE (__sram1_bss_start__ = _sram1_bss)
 *(.sram1_bss)
 .sram1_bss     0x30000000     0x4000 ../../libdaisy/build\libdaisy.a(audio.o)
 .sram1_bss     0x30004000      0x118 ../../libdaisy/build\libdaisy.a(adc.o)
 *(.sram1_bss*)
                0x30004118                . = ALIGN (0x4)
                0x30004118                _esram1_bss = .
                [!provide]                PROVIDE (__sram1_bss_end__ = _esram1_bss)

.sdram_bss      0xc0000000        0x0
                0xc0000000                . = ALIGN (0x4)
                0xc0000000                _ssdram_bss = .
                [!provide]                PROVIDE (__sdram_bss_start = _ssdram_bss)
 *(.sdram_bss)
 *(.sdram_bss*)
                0xc0000000                . = ALIGN (0x4)
                0xc0000000                _esdram_bss = .
                [!provide]                PROVIDE (__sdram_bss_end = _esdram_bss)

.qspiflash_text
                0x90000000        0x0
                0x90000000                . = ALIGN (0x4)
                0x90000000                _sqspiflash_text = .
                [!provide]                PROVIDE (__qspiflash_text_start = _sqspiflash_text)
 *(.qspiflash_text)
 *(.qspiflash_text*)
                0x90000000                . = ALIGN (0x4)
                0x90000000                _eqspiflash_text = .
                [!provide]                PROVIDE (__qspiflash_text_end = _eqspiflash_text)

.qspiflash_data
                0x90000000        0x0
                0x90000000                . = ALIGN (0x4)
                0x90000000                _sqspiflash_data = .
                [!provide]                PROVIDE (__qspiflash_data_start = _sqspiflash_data)
 *(.qspiflash_data)
 *(.qspiflash_data*)
                0x90000000                . = ALIGN (0x4)
                0x90000000                _eqspiflash_data = .
                [!provide]                PROVIDE (__qspiflash_data_end = _eqspiflash_data)

.qspiflash_bss  0x90000000        0x0
                0x90000000                . = ALIGN (0x4)
                0x90000000                _sqspiflash_bss = .
                [!provide]                PROVIDE (__qspiflash_bss_start = _sqspiflash_bss)
 *(.qspiflash_bss)
 *(.qspiflash_bss*)
                0x90000000                . = ALIGN (0x4)
                0x90000000                _eqspiflash_bss = .
                [!provide]                PROVIDE (__qspiflash_bss_end = _eqspiflash_bss)

.heap           0x24000ec4        0x0
                0x24000ec4                . = ALIGN (0x4)
                [!provide]                PROVIDE (__heap_start__ = .)
 *(.heap)
                0x24000ec4                . = ALIGN (0x4)
                [!provide]                PROVIDE (__heap_end__ = .)

.reserved_for_stack
                0x24000ec4        0x0
                0x24000ec4                . = ALIGN (0x4)
                [!provide]                PROVIDE (__reserved_for_stack_start__ = .)
 *(.reserved_for_stack)
                0x24000ec4                . = ALIGN (0x4)
                [!provide]                PROVIDE (__reserved_for_stack_end__ = .)

DISCARD
 libc.a(*)
 libm.a(*)
 libgcc.a(*)
OUTPUT(build/phase-casserole.elf elf32-littlearm)
LOAD linker stubs
LOAD c:/program files (x86)/gnu arm embedded toolchain/10 2020-q4-major/bin/../lib/gcc/arm-none-eabi/10.2.1/../../../../arm-none-eabi/lib/thumb/v7e-m+dp/hard\libc.a
LOAD c:/program files (x86)/gnu arm embedded toolchain/10 2020-q4-major/bin/../lib/gcc/arm-none-eabi/10.2.1/../../../../arm-none-eabi/lib/thumb/v7e-m+dp/hard\libm.a
LOAD c:/program files (x86)/gnu arm embedded toolchain/10 2020-q4-major/bin/../lib/gcc/arm-none-eabi/10.2.1/thumb/v7e-m+dp/hard\libgcc.a

.comment        0x00000000       0x4d
 .comment       0x00000000       0x4d build/startup_stm32h750xx.o
                                 0x4e (size before relaxing)
 .comment       0x0000004d       0x4e build/phase-casserole.o
 .comment       0x0000004d       0x4e ../../libdaisy/build\libdaisy.a(daisy_pod.o)
 .comment       0x0000004d       0x4e ../../libdaisy/build\libdaisy.a(daisy_seed.o)
 .comment       0x0000004d       0x4e ../../libdaisy/build\libdaisy.a(codec_ak4556.o)
 .comment       0x0000004d       0x4e ../../libdaisy/build\libdaisy.a(sdram.o)
 .comment       0x0000004d       0x4e ../../libdaisy/build\libdaisy.a(audio.o)
 .comment       0x0000004d       0x4e ../../libdaisy/build\libdaisy.a(ctrl.o)
 .comment       0x0000004d       0x4e ../../libdaisy/build\libdaisy.a(encoder.o)
 .comment       0x0000004d       0x4e ../../libdaisy/build\libdaisy.a(parameter.o)
 .comment       0x0000004d       0x4e ../../libdaisy/build\libdaisy.a(rgb_led.o)
 .comment       0x0000004d       0x4e ../../libdaisy/build\libdaisy.a(switch.o)
 .comment       0x0000004d       0x4e ../../libdaisy/build\libdaisy.a(adc.o)
 .comment       0x0000004d       0x4e ../../libdaisy/build\libdaisy.a(gpio.o)
 .comment       0x0000004d       0x4e ../../libdaisy/build\libdaisy.a(qspi.o)
 .comment       0x0000004d       0x4e ../../libdaisy/build\libdaisy.a(sai.o)
 .comment       0x0000004d       0x4e ../../libdaisy/build\libdaisy.a(system.o)
 .comment       0x0000004d       0x4e ../../libdaisy/build\libdaisy.a(system_stm32h7xx.o)
 .comment       0x0000004d       0x4e ../../libdaisy/build\libdaisy.a(color.o)
 .comment       0x0000004d       0x4e ../../libdaisy/build\libdaisy.a(hal_map.o)
 .comment       0x0000004d       0x4e ../../libdaisy/build\libdaisy.a(stm32h7xx_hal.o)
 .comment       0x0000004d       0x4e ../../libdaisy/build\libdaisy.a(stm32h7xx_hal_adc.o)
 .comment       0x0000004d       0x4e ../../libdaisy/build\libdaisy.a(stm32h7xx_hal_adc_ex.o)
 .comment       0x0000004d       0x4e ../../libdaisy/build\libdaisy.a(stm32h7xx_hal_cortex.o)
 .comment       0x0000004d       0x4e ../../libdaisy/build\libdaisy.a(stm32h7xx_hal_dma.o)
 .comment       0x0000004d       0x4e ../../libdaisy/build\libdaisy.a(stm32h7xx_hal_gpio.o)
 .comment       0x0000004d       0x4e ../../libdaisy/build\libdaisy.a(stm32h7xx_hal_pwr_ex.o)
 .comment       0x0000004d       0x4e ../../libdaisy/build\libdaisy.a(stm32h7xx_hal_qspi.o)
 .comment       0x0000004d       0x4e ../../libdaisy/build\libdaisy.a(stm32h7xx_hal_rcc.o)
 .comment       0x0000004d       0x4e ../../libdaisy/build\libdaisy.a(stm32h7xx_hal_rcc_ex.o)
 .comment       0x0000004d       0x4e ../../libdaisy/build\libdaisy.a(stm32h7xx_hal_sai.o)
 .comment       0x0000004d       0x4e ../../libdaisy/build\libdaisy.a(stm32h7xx_hal_sdram.o)
 .comment       0x0000004d       0x4e ../../libdaisy/build\libdaisy.a(stm32h7xx_ll_fmc.o)
 .comment       0x0000004d       0x4e ../../libdaisy/build\libdaisy.a(led.o)
 .comment       0x0000004d       0x4e ../../libdaisy/build\libdaisy.a(i2c.o)
 .comment       0x0000004d       0x4e ../../libdaisy/build\libdaisy.a(tim.o)
 .comment       0x0000004d       0x4e ../../libdaisy/build\libdaisy.a(dma.o)
 .comment       0x0000004d       0x4e ../../libdaisy/build\libdaisy.a(stm32h7xx_hal_i2c.o)
 .comment       0x0000004d       0x4e ../../libdaisy/build\libdaisy.a(stm32h7xx_hal_mdma.o)
 .comment       0x0000004d       0x4e ../../libdaisy/build\libdaisy.a(stm32h7xx_hal_tim.o)
 .comment       0x0000004d       0x4e ../../libdaisy/build\libdaisy.a(stm32h7xx_hal_tim_ex.o)
 .comment       0x0000004d       0x4e ../../DaisySP/build\libdaisysp.a(pd.o)

.debug_info     0x00000000    0x50bc7
 .debug_info    0x00000000     0x4cf3 ../../libdaisy/build\libdaisy.a(daisy_pod.o)
 .debug_info    0x00004cf3     0x3c6e ../../libdaisy/build\libdaisy.a(daisy_seed.o)
 .debug_info    0x00008961     0x12af ../../libdaisy/build\libdaisy.a(codec_ak4556.o)
 .debug_info    0x00009c10     0x13ad ../../libdaisy/build\libdaisy.a(sdram.o)
 .debug_info    0x0000afbd     0x2ca2 ../../libdaisy/build\libdaisy.a(audio.o)
 .debug_info    0x0000dc5f     0x19a2 ../../libdaisy/build\libdaisy.a(ctrl.o)
 .debug_info    0x0000f601      0xdd5 ../../libdaisy/build\libdaisy.a(encoder.o)
 .debug_info    0x000103d6     0x1b07 ../../libdaisy/build\libdaisy.a(parameter.o)
 .debug_info    0x00011edd      0xfea ../../libdaisy/build\libdaisy.a(rgb_led.o)
 .debug_info    0x00012ec7      0xd11 ../../libdaisy/build\libdaisy.a(switch.o)
 .debug_info    0x00013bd8     0x3c55 ../../libdaisy/build\libdaisy.a(adc.o)
 .debug_info    0x0001782d      0xc1b ../../libdaisy/build\libdaisy.a(gpio.o)
 .debug_info    0x00018448     0x2613 ../../libdaisy/build\libdaisy.a(qspi.o)
 .debug_info    0x0001aa5b     0x447a ../../libdaisy/build\libdaisy.a(sai.o)
 .debug_info    0x0001eed5     0x3ac6 ../../libdaisy/build\libdaisy.a(system.o)
 .debug_info    0x0002299b      0xa3b ../../libdaisy/build\libdaisy.a(system_stm32h7xx.o)
 .debug_info    0x000233d6      0x2ce ../../libdaisy/build\libdaisy.a(color.o)
 .debug_info    0x000236a4      0x2dd ../../libdaisy/build\libdaisy.a(hal_map.o)
 .debug_info    0x00023981     0x16d6 ../../libdaisy/build\libdaisy.a(stm32h7xx_hal.o)
 .debug_info    0x00025057     0x2f24 ../../libdaisy/build\libdaisy.a(stm32h7xx_hal_adc.o)
 .debug_info    0x00027f7b     0x2ecc ../../libdaisy/build\libdaisy.a(stm32h7xx_hal_adc_ex.o)
 .debug_info    0x0002ae47     0x13f0 ../../libdaisy/build\libdaisy.a(stm32h7xx_hal_cortex.o)
 .debug_info    0x0002c237      0xf2f ../../libdaisy/build\libdaisy.a(stm32h7xx_hal_dma.o)
 .debug_info    0x0002d166      0xd4d ../../libdaisy/build\libdaisy.a(stm32h7xx_hal_gpio.o)
 .debug_info    0x0002deb3      0xf42 ../../libdaisy/build\libdaisy.a(stm32h7xx_hal_pwr_ex.o)
 .debug_info    0x0002edf5     0x1ed9 ../../libdaisy/build\libdaisy.a(stm32h7xx_hal_qspi.o)
 .debug_info    0x00030cce     0x1267 ../../libdaisy/build\libdaisy.a(stm32h7xx_hal_rcc.o)
 .debug_info    0x00031f35     0x16c3 ../../libdaisy/build\libdaisy.a(stm32h7xx_hal_rcc_ex.o)
 .debug_info    0x000335f8     0x2063 ../../libdaisy/build\libdaisy.a(stm32h7xx_hal_sai.o)
 .debug_info    0x0003565b     0x12ab ../../libdaisy/build\libdaisy.a(stm32h7xx_hal_sdram.o)
 .debug_info    0x00036906      0xd17 ../../libdaisy/build\libdaisy.a(stm32h7xx_ll_fmc.o)
 .debug_info    0x0003761d      0xe9d ../../libdaisy/build\libdaisy.a(led.o)
 .debug_info    0x000384ba     0x5af0 ../../libdaisy/build\libdaisy.a(i2c.o)
 .debug_info    0x0003dfaa     0x43c2 ../../libdaisy/build\libdaisy.a(tim.o)
 .debug_info    0x0004236c      0xfcf ../../libdaisy/build\libdaisy.a(dma.o)
 .debug_info    0x0004333b     0x6323 ../../libdaisy/build\libdaisy.a(stm32h7xx_hal_i2c.o)
 .debug_info    0x0004965e      0xffe ../../libdaisy/build\libdaisy.a(stm32h7xx_hal_mdma.o)
 .debug_info    0x0004a65c     0x4b86 ../../libdaisy/build\libdaisy.a(stm32h7xx_hal_tim.o)
 .debug_info    0x0004f1e2     0x19e5 ../../libdaisy/build\libdaisy.a(stm32h7xx_hal_tim_ex.o)

.debug_abbrev   0x00000000     0x9166
 .debug_abbrev  0x00000000      0x793 ../../libdaisy/build\libdaisy.a(daisy_pod.o)
 .debug_abbrev  0x00000793      0x791 ../../libdaisy/build\libdaisy.a(daisy_seed.o)
 .debug_abbrev  0x00000f24      0x350 ../../libdaisy/build\libdaisy.a(codec_ak4556.o)
 .debug_abbrev  0x00001274      0x313 ../../libdaisy/build\libdaisy.a(sdram.o)
 .debug_abbrev  0x00001587      0x6a3 ../../libdaisy/build\libdaisy.a(audio.o)
 .debug_abbrev  0x00001c2a      0x20e ../../libdaisy/build\libdaisy.a(ctrl.o)
 .debug_abbrev  0x00001e38      0x2b1 ../../libdaisy/build\libdaisy.a(encoder.o)
 .debug_abbrev  0x000020e9      0x264 ../../libdaisy/build\libdaisy.a(parameter.o)
 .debug_abbrev  0x0000234d      0x37e ../../libdaisy/build\libdaisy.a(rgb_led.o)
 .debug_abbrev  0x000026cb      0x340 ../../libdaisy/build\libdaisy.a(switch.o)
 .debug_abbrev  0x00002a0b      0x723 ../../libdaisy/build\libdaisy.a(adc.o)
 .debug_abbrev  0x0000312e      0x292 ../../libdaisy/build\libdaisy.a(gpio.o)
 .debug_abbrev  0x000033c0      0x482 ../../libdaisy/build\libdaisy.a(qspi.o)
 .debug_abbrev  0x00003842      0x794 ../../libdaisy/build\libdaisy.a(sai.o)
 .debug_abbrev  0x00003fd6      0x676 ../../libdaisy/build\libdaisy.a(system.o)
 .debug_abbrev  0x0000464c      0x139 ../../libdaisy/build\libdaisy.a(system_stm32h7xx.o)
 .debug_abbrev  0x00004785      0x1b2 ../../libdaisy/build\libdaisy.a(color.o)
 .debug_abbrev  0x00004937      0x132 ../../libdaisy/build\libdaisy.a(hal_map.o)
 .debug_abbrev  0x00004a69      0x2b5 ../../libdaisy/build\libdaisy.a(stm32h7xx_hal.o)
 .debug_abbrev  0x00004d1e      0x31b ../../libdaisy/build\libdaisy.a(stm32h7xx_hal_adc.o)
 .debug_abbrev  0x00005039      0x38d ../../libdaisy/build\libdaisy.a(stm32h7xx_hal_adc_ex.o)
 .debug_abbrev  0x000053c6      0x35f ../../libdaisy/build\libdaisy.a(stm32h7xx_hal_cortex.o)
 .debug_abbrev  0x00005725      0x343 ../../libdaisy/build\libdaisy.a(stm32h7xx_hal_dma.o)
 .debug_abbrev  0x00005a68      0x237 ../../libdaisy/build\libdaisy.a(stm32h7xx_hal_gpio.o)
 .debug_abbrev  0x00005c9f      0x327 ../../libdaisy/build\libdaisy.a(stm32h7xx_hal_pwr_ex.o)
 .debug_abbrev  0x00005fc6      0x300 ../../libdaisy/build\libdaisy.a(stm32h7xx_hal_qspi.o)
 .debug_abbrev  0x000062c6      0x2d7 ../../libdaisy/build\libdaisy.a(stm32h7xx_hal_rcc.o)
 .debug_abbrev  0x0000659d      0x309 ../../libdaisy/build\libdaisy.a(stm32h7xx_hal_rcc_ex.o)
 .debug_abbrev  0x000068a6      0x334 ../../libdaisy/build\libdaisy.a(stm32h7xx_hal_sai.o)
 .debug_abbrev  0x00006bda      0x25e ../../libdaisy/build\libdaisy.a(stm32h7xx_hal_sdram.o)
 .debug_abbrev  0x00006e38      0x19b ../../libdaisy/build\libdaisy.a(stm32h7xx_ll_fmc.o)
 .debug_abbrev  0x00006fd3      0x357 ../../libdaisy/build\libdaisy.a(led.o)
 .debug_abbrev  0x0000732a      0x8df ../../libdaisy/build\libdaisy.a(i2c.o)
 .debug_abbrev  0x00007c09      0x673 ../../libdaisy/build\libdaisy.a(tim.o)
 .debug_abbrev  0x0000827c      0x1eb ../../libdaisy/build\libdaisy.a(dma.o)
 .debug_abbrev  0x00008467      0x3cb ../../libdaisy/build\libdaisy.a(stm32h7xx_hal_i2c.o)
 .debug_abbrev  0x00008832      0x2cd ../../libdaisy/build\libdaisy.a(stm32h7xx_hal_mdma.o)
 .debug_abbrev  0x00008aff      0x366 ../../libdaisy/build\libdaisy.a(stm32h7xx_hal_tim.o)
 .debug_abbrev  0x00008e65      0x301 ../../libdaisy/build\libdaisy.a(stm32h7xx_hal_tim_ex.o)

.debug_loc      0x00000000    0x28006
 .debug_loc     0x00000000      0x6ff ../../libdaisy/build\libdaisy.a(daisy_pod.o)
 .debug_loc     0x000006ff      0x607 ../../libdaisy/build\libdaisy.a(daisy_seed.o)
 .debug_loc     0x00000d06       0xe4 ../../libdaisy/build\libdaisy.a(sdram.o)
 .debug_loc     0x00000dea     0x1c98 ../../libdaisy/build\libdaisy.a(audio.o)
 .debug_loc     0x00002a82       0x61 ../../libdaisy/build\libdaisy.a(ctrl.o)
 .debug_loc     0x00002ae3       0x6c ../../libdaisy/build\libdaisy.a(encoder.o)
 .debug_loc     0x00002b4f      0x173 ../../libdaisy/build\libdaisy.a(parameter.o)
 .debug_loc     0x00002cc2      0x22a ../../libdaisy/build\libdaisy.a(rgb_led.o)
 .debug_loc     0x00002eec      0x33c ../../libdaisy/build\libdaisy.a(switch.o)
 .debug_loc     0x00003228      0xe0c ../../libdaisy/build\libdaisy.a(adc.o)
 .debug_loc     0x00004034      0x20f ../../libdaisy/build\libdaisy.a(gpio.o)
 .debug_loc     0x00004243      0xcf6 ../../libdaisy/build\libdaisy.a(qspi.o)
 .debug_loc     0x00004f39      0xfc9 ../../libdaisy/build\libdaisy.a(sai.o)
 .debug_loc     0x00005f02      0x293 ../../libdaisy/build\libdaisy.a(system.o)
 .debug_loc     0x00006195      0x170 ../../libdaisy/build\libdaisy.a(system_stm32h7xx.o)
 .debug_loc     0x00006305       0x25 ../../libdaisy/build\libdaisy.a(color.o)
 .debug_loc     0x0000632a       0x4a ../../libdaisy/build\libdaisy.a(hal_map.o)
 .debug_loc     0x00006374      0x59e ../../libdaisy/build\libdaisy.a(stm32h7xx_hal.o)
 .debug_loc     0x00006912     0x2352 ../../libdaisy/build\libdaisy.a(stm32h7xx_hal_adc.o)
 .debug_loc     0x00008c64     0x25e1 ../../libdaisy/build\libdaisy.a(stm32h7xx_hal_adc_ex.o)
 .debug_loc     0x0000b245      0x7af ../../libdaisy/build\libdaisy.a(stm32h7xx_hal_cortex.o)
 .debug_loc     0x0000b9f4     0x1273 ../../libdaisy/build\libdaisy.a(stm32h7xx_hal_dma.o)
 .debug_loc     0x0000cc67      0x482 ../../libdaisy/build\libdaisy.a(stm32h7xx_hal_gpio.o)
 .debug_loc     0x0000d0e9      0x3fa ../../libdaisy/build\libdaisy.a(stm32h7xx_hal_pwr_ex.o)
 .debug_loc     0x0000d4e3     0x2023 ../../libdaisy/build\libdaisy.a(stm32h7xx_hal_qspi.o)
 .debug_loc     0x0000f506      0x7c3 ../../libdaisy/build\libdaisy.a(stm32h7xx_hal_rcc.o)
 .debug_loc     0x0000fcc9     0x10d1 ../../libdaisy/build\libdaisy.a(stm32h7xx_hal_rcc_ex.o)
 .debug_loc     0x00010d9a     0x2314 ../../libdaisy/build\libdaisy.a(stm32h7xx_hal_sai.o)
 .debug_loc     0x000130ae      0xf5a ../../libdaisy/build\libdaisy.a(stm32h7xx_hal_sdram.o)
 .debug_loc     0x00014008      0x736 ../../libdaisy/build\libdaisy.a(stm32h7xx_ll_fmc.o)
 .debug_loc     0x0001473e       0xe9 ../../libdaisy/build\libdaisy.a(led.o)
 .debug_loc     0x00014827     0x1986 ../../libdaisy/build\libdaisy.a(i2c.o)
 .debug_loc     0x000161ad      0xe15 ../../libdaisy/build\libdaisy.a(tim.o)
 .debug_loc     0x00016fc2      0x250 ../../libdaisy/build\libdaisy.a(dma.o)
 .debug_loc     0x00017212     0x7f88 ../../libdaisy/build\libdaisy.a(stm32h7xx_hal_i2c.o)
 .debug_loc     0x0001f19a     0x13dd ../../libdaisy/build\libdaisy.a(stm32h7xx_hal_mdma.o)
 .debug_loc     0x00020577     0x637e ../../libdaisy/build\libdaisy.a(stm32h7xx_hal_tim.o)
 .debug_loc     0x000268f5     0x1711 ../../libdaisy/build\libdaisy.a(stm32h7xx_hal_tim_ex.o)

.debug_aranges  0x00000000     0x1a68
 .debug_aranges
                0x00000000       0xd0 ../../libdaisy/build\libdaisy.a(daisy_pod.o)
 .debug_aranges
                0x000000d0       0xb8 ../../libdaisy/build\libdaisy.a(daisy_seed.o)
 .debug_aranges
                0x00000188       0x20 ../../libdaisy/build\libdaisy.a(codec_ak4556.o)